2025-11-01 17:18:50,889 [INFO] 🔗 Membuka halaman: https://playwright.dev
2025-11-01 17:18:51,642 [INFO] 📄 Judul halaman: Fast and reliable end-to-end testing for modern web apps | Playwright
2025-11-01 17:18:51,660 [INFO] 🧾 Header ditemukan: Playwright enables reliable end-to-end testing for modern web apps.
2025-11-01 17:18:51,980 [INFO] 📸 Screenshot disimpan di: reports/screenshots/playwright_home_20251101_171851.png
2025-11-01 17:19:14,216 [INFO] 🔗 Membuka halaman: https://playwright.dev
2025-11-01 17:19:14,872 [INFO] 📄 Judul halaman: Fast and reliable end-to-end testing for modern web apps | Playwright
2025-11-01 17:19:14,889 [INFO] 🧾 Header ditemukan: Playwright enables reliable end-to-end testing for modern web apps.
2025-11-01 17:19:14,986 [INFO] 📸 Screenshot disimpan di: reports/screenshots/playwright_home_20251101_171914.png
2025-11-01 19:03:29,160 [INFO] 🌐 Membuka: https://playwright.dev
2025-11-01 19:03:29,943 [INFO] 📄 Judul halaman: Fast and reliable end-to-end testing for modern web apps | Playwright
2025-11-01 19:03:29,943 [INFO] ✅ [PASS] https://playwright.dev - Judul cocok.
2025-11-01 19:03:29,943 [INFO] ------------------------------------------------------------
2025-11-01 19:03:29,984 [INFO] 🌐 Membuka: https://w3schools.com
2025-11-01 19:03:31,266 [INFO] 📄 Judul halaman: W3Schools Online Web Tutorials
2025-11-01 19:03:31,267 [INFO] ✅ [PASS] https://w3schools.com - Judul cocok.
2025-11-01 19:03:31,267 [INFO] ------------------------------------------------------------
2025-11-01 19:03:31,307 [INFO] 🌐 Membuka: https://python.org
2025-11-01 19:03:31,973 [INFO] 📄 Judul halaman: Welcome to Python.org
2025-11-01 19:03:31,973 [INFO] ✅ [PASS] https://python.org - Judul cocok.
2025-11-01 19:03:31,973 [INFO] ------------------------------------------------------------
2025-11-01 19:09:41,948 [INFO] 🌐 Membuka: https://playwright.dev
2025-11-01 19:09:42,618 [INFO] 📄 Judul halaman: Fast and reliable end-to-end testing for modern web apps | Playwright
2025-11-01 19:09:42,618 [INFO] ✅ [PASS] https://playwright.dev - Judul cocok.
2025-11-01 19:09:42,618 [INFO] ------------------------------------------------------------
2025-11-01 19:09:42,660 [INFO] 🌐 Membuka: https://w3schools.com
2025-11-01 19:09:44,004 [INFO] 📄 Judul halaman: W3Schools Online Web Tutorials
2025-11-01 19:09:44,004 [INFO] ✅ [PASS] https://w3schools.com - Judul cocok.
2025-11-01 19:09:44,004 [INFO] ------------------------------------------------------------
2025-11-01 19:09:44,040 [INFO] 🌐 Membuka: https://python.org
2025-11-01 19:09:44,500 [INFO] 📄 Judul halaman: Welcome to Python.org
2025-11-01 19:09:44,500 [INFO] ✅ [PASS] https://python.org - Judul cocok.
2025-11-01 19:09:44,500 [INFO] ------------------------------------------------------------
2025-11-01 19:11:54,389 [INFO] 🌐 Membuka: https://playwright.dev
2025-11-01 19:11:55,101 [INFO] 📄 Judul halaman: Fast and reliable end-to-end testing for modern web apps | Playwright
2025-11-01 19:11:55,101 [INFO] ✅ [PASS] https://playwright.dev - Judul cocok.
2025-11-01 19:11:55,101 [INFO] ------------------------------------------------------------
2025-11-01 19:11:55,140 [INFO] 🌐 Membuka: https://w3schools.com
2025-11-01 19:11:56,577 [INFO] 📄 Judul halaman: W3Schools Online Web Tutorials
2025-11-01 19:11:56,577 [INFO] ✅ [PASS] https://w3schools.com - Judul cocok.
2025-11-01 19:11:56,577 [INFO] ------------------------------------------------------------
2025-11-01 19:11:56,612 [INFO] 🌐 Membuka: https://python.org
2025-11-01 19:11:57,142 [INFO] 📄 Judul halaman: Welcome to Python.org
2025-11-01 19:11:57,142 [INFO] ✅ [PASS] https://python.org - Judul cocok.
2025-11-01 19:11:57,142 [INFO] ------------------------------------------------------------
2025-11-01 19:13:14,132 [INFO] 🌐 Membuka: https://playwright.dev
2025-11-01 19:13:14,790 [INFO] 📄 Judul halaman: Fast and reliable end-to-end testing for modern web apps | Playwright
2025-11-01 19:13:14,790 [INFO] ✅ [PASS] https://playwright.dev - Judul cocok.
2025-11-01 19:13:14,790 [INFO] ------------------------------------------------------------
2025-11-01 19:13:15,053 [INFO] 📸 Screenshot saved: reports/screenshots/test_multiple_sites[chromium-data0].png
2025-11-01 19:13:15,093 [INFO] 🌐 Membuka: https://w3schools.com
2025-11-01 19:13:16,370 [INFO] 📄 Judul halaman: W3Schools Online Web Tutorials
2025-11-01 19:13:16,370 [INFO] ✅ [PASS] https://w3schools.com - Judul cocok.
2025-11-01 19:13:16,370 [INFO] ------------------------------------------------------------
2025-11-01 19:13:16,925 [INFO] 📸 Screenshot saved: reports/screenshots/test_multiple_sites[chromium-data1].png
2025-11-01 19:13:16,961 [INFO] 🌐 Membuka: https://python.org
2025-11-01 19:13:17,546 [INFO] 📄 Judul halaman: Welcome to Python.org
2025-11-01 19:13:17,546 [INFO] ✅ [PASS] https://python.org - Judul cocok.
2025-11-01 19:13:17,546 [INFO] ------------------------------------------------------------
2025-11-01 19:13:17,735 [INFO] 📸 Screenshot saved: reports/screenshots/test_multiple_sites[chromium-data2].png
2025-11-01 19:33:06,511 [INFO] 🌐 Membuka: https://playwright.dev
2025-11-01 19:33:07,629 [INFO] 📄 Judul halaman: Fast and reliable end-to-end testing for modern web apps | Playwright
2025-11-01 19:33:07,630 [INFO] ✅ [PASS] https://playwright.dev - Judul cocok.
2025-11-01 19:33:07,630 [INFO] ------------------------------------------------------------
2025-11-01 19:33:08,047 [INFO] 📸 Screenshot saved: reports/screenshots/test_multiple_sites[chromium-data0].png
2025-11-01 19:33:19,413 [INFO] 🌐 Membuka: https://playwright.dev
2025-11-01 19:33:20,118 [INFO] 📄 Judul halaman: Fast and reliable end-to-end testing for modern web apps | Playwright
2025-11-01 19:33:20,118 [INFO] ✅ [PASS] https://playwright.dev - Judul cocok.
2025-11-01 19:33:20,118 [INFO] ------------------------------------------------------------
2025-11-01 19:33:20,512 [INFO] 📸 Screenshot saved: reports/screenshots/test_multiple_sites[chromium-data0].png
2025-11-01 19:33:43,031 [INFO] 📸 Screenshot saved: reports/screenshots/test_open_w3schools[chromium].png
2025-11-01 19:33:43,075 [INFO] 🔗 Membuka halaman: https://playwright.dev
2025-11-01 19:33:43,652 [INFO] 📄 Judul halaman: Fast and reliable end-to-end testing for modern web apps | Playwright
2025-11-01 19:33:43,668 [INFO] 🧾 Header ditemukan: Playwright enables reliable end-to-end testing for modern web apps.
2025-11-01 19:33:43,759 [INFO] 📸 Screenshot disimpan di: reports/screenshots/playwright_home_20251101_193343.png
2025-11-01 19:33:43,913 [INFO] 📸 Screenshot saved: reports/screenshots/test_playwright_homepage[chromium].png
2025-11-01 19:33:44,946 [INFO] 📸 Screenshot saved: reports/screenshots/test_open_page_and_screenshot[chromium-https://playwright.dev-Playwright].png
2025-11-01 19:33:44,982 [INFO] 🌐 Membuka: https://playwright.dev
2025-11-01 19:33:45,633 [INFO] 📄 Judul halaman: Fast and reliable end-to-end testing for modern web apps | Playwright
2025-11-01 19:33:45,634 [INFO] ✅ [PASS] https://playwright.dev - Judul cocok.
2025-11-01 19:33:45,634 [INFO] ------------------------------------------------------------
2025-11-01 19:33:45,863 [INFO] 📸 Screenshot saved: reports/screenshots/test_multiple_sites[chromium-data0].png
2025-11-01 19:33:48,377 [INFO] 📸 Screenshot saved: reports/screenshots/test_open_page_and_screenshot[chromium-https://w3schools.com-W3Schools].png
2025-11-01 19:33:48,414 [INFO] 🌐 Membuka: https://w3schools.com
2025-11-01 19:33:53,704 [INFO] 📄 Judul halaman: W3Schools Online Web Tutorials
2025-11-01 19:33:53,704 [INFO] ✅ [PASS] https://w3schools.com - Judul cocok.
2025-11-01 19:33:53,704 [INFO] ------------------------------------------------------------
2025-11-01 19:33:54,275 [INFO] 📸 Screenshot saved: reports/screenshots/test_multiple_sites[chromium-data1].png
2025-11-01 19:33:54,328 [INFO] 🌐 Membuka: https://python.org
2025-11-01 19:33:54,878 [INFO] 📄 Judul halaman: Welcome to Python.org
2025-11-01 19:33:54,878 [INFO] ✅ [PASS] https://python.org - Judul cocok.
2025-11-01 19:33:54,878 [INFO] ------------------------------------------------------------
2025-11-01 19:33:55,080 [INFO] 📸 Screenshot saved: reports/screenshots/test_multiple_sites[chromium-data2].png
2025-11-01 19:34:14,092 [INFO] 🌐 Membuka: https://playwright.dev
2025-11-01 19:34:14,716 [INFO] 📄 Judul halaman: Fast and reliable end-to-end testing for modern web apps | Playwright
2025-11-01 19:34:14,716 [INFO] ✅ [PASS] https://playwright.dev - Judul cocok.
2025-11-01 19:34:14,716 [INFO] ------------------------------------------------------------
2025-11-01 19:34:14,986 [INFO] 📸 Screenshot saved: reports/screenshots/test_multiple_sites[chromium-data0].png
2025-11-01 19:34:15,027 [INFO] 🌐 Membuka: https://w3schools.com
2025-11-01 19:34:16,646 [INFO] 📄 Judul halaman: W3Schools Online Web Tutorials
2025-11-01 19:34:16,647 [INFO] ✅ [PASS] https://w3schools.com - Judul cocok.
2025-11-01 19:34:16,647 [INFO] ------------------------------------------------------------
2025-11-01 19:34:17,218 [INFO] 📸 Screenshot saved: reports/screenshots/test_multiple_sites[chromium-data1].png
2025-11-01 19:34:17,257 [INFO] 🌐 Membuka: https://python.org
2025-11-01 19:34:17,728 [INFO] 📄 Judul halaman: Welcome to Python.org
2025-11-01 19:34:17,728 [INFO] ✅ [PASS] https://python.org - Judul cocok.
2025-11-01 19:34:17,728 [INFO] ------------------------------------------------------------
2025-11-01 19:34:17,913 [INFO] 📸 Screenshot saved: reports/screenshots/test_multiple_sites[chromium-data2].png
2025-11-01 19:35:59,813 [INFO] 🌐 Membuka: https://playwright.dev
2025-11-01 19:36:00,779 [INFO] 📄 Judul halaman: Fast and reliable end-to-end testing for modern web apps | Playwright
2025-11-01 19:36:00,780 [INFO] ✅ [PASS] https://playwright.dev - Judul cocok.
2025-11-01 19:36:00,780 [INFO] ------------------------------------------------------------
2025-11-01 19:36:01,031 [WARNING] Gagal menyimpan screenshot untuk test_multiple_sites[chromium-data0]: name 'pytest_html' is not defined
2025-11-01 19:36:01,072 [INFO] 🌐 Membuka: https://w3schools.com
2025-11-01 19:36:02,701 [INFO] 📄 Judul halaman: W3Schools Online Web Tutorials
2025-11-01 19:36:02,701 [INFO] ✅ [PASS] https://w3schools.com - Judul cocok.
2025-11-01 19:36:02,701 [INFO] ------------------------------------------------------------
2025-11-01 19:36:03,236 [WARNING] Gagal menyimpan screenshot untuk test_multiple_sites[chromium-data1]: name 'pytest_html' is not defined
2025-11-01 19:36:03,272 [INFO] 🌐 Membuka: https://python.org
2025-11-01 19:36:03,872 [INFO] 📄 Judul halaman: Welcome to Python.org
2025-11-01 19:36:03,872 [INFO] ✅ [PASS] https://python.org - Judul cocok.
2025-11-01 19:36:03,872 [INFO] ------------------------------------------------------------
2025-11-01 19:36:04,079 [WARNING] Gagal menyimpan screenshot untuk test_multiple_sites[chromium-data2]: name 'pytest_html' is not defined
2025-11-01 19:37:36,664 [INFO] 🌐 Membuka: https://playwright.dev
2025-11-01 19:37:37,315 [INFO] 📄 Judul halaman: Fast and reliable end-to-end testing for modern web apps | Playwright
2025-11-01 19:37:37,315 [INFO] ✅ [PASS] https://playwright.dev - Judul cocok.
2025-11-01 19:37:37,315 [INFO] ------------------------------------------------------------
2025-11-01 19:37:37,616 [INFO] 🌐 Membuka: https://w3schools.com
2025-11-01 19:37:39,703 [INFO] 📄 Judul halaman: W3Schools Online Web Tutorials
2025-11-01 19:37:39,703 [INFO] ✅ [PASS] https://w3schools.com - Judul cocok.
2025-11-01 19:37:39,703 [INFO] ------------------------------------------------------------
2025-11-01 19:37:40,230 [INFO] 🌐 Membuka: https://python.org
2025-11-01 19:37:40,806 [INFO] 📄 Judul halaman: Welcome to Python.org
2025-11-01 19:37:40,806 [INFO] ✅ [PASS] https://python.org - Judul cocok.
2025-11-01 19:37:40,806 [INFO] ------------------------------------------------------------
2025-11-01 19:38:00,627 [INFO] 🌐 Membuka: https://playwright.dev
2025-11-01 19:38:01,257 [INFO] 📄 Judul halaman: Fast and reliable end-to-end testing for modern web apps | Playwright
2025-11-01 19:38:01,257 [INFO] ✅ [PASS] https://playwright.dev - Judul cocok.
2025-11-01 19:38:01,258 [INFO] ------------------------------------------------------------
2025-11-01 19:38:01,550 [INFO] 🌐 Membuka: https://w3schools.com
2025-11-01 19:38:02,826 [INFO] 📄 Judul halaman: W3Schools Online Web Tutorials
2025-11-01 19:38:02,826 [INFO] ✅ [PASS] https://w3schools.com - Judul cocok.
2025-11-01 19:38:02,826 [INFO] ------------------------------------------------------------
2025-11-01 19:38:03,418 [INFO] 🌐 Membuka: https://python.org
2025-11-01 19:38:04,551 [INFO] 📄 Judul halaman: Welcome to Python.org
2025-11-01 19:38:04,551 [INFO] ✅ [PASS] https://python.org - Judul cocok.
2025-11-01 19:38:04,552 [INFO] ------------------------------------------------------------
2025-11-01 19:40:39,143 [INFO] 🌐 Membuka: https://playwright.dev
2025-11-01 19:40:39,895 [INFO] 📄 Judul halaman: Fast and reliable end-to-end testing for modern web apps | Playwright
2025-11-01 19:40:39,895 [INFO] ✅ [PASS] https://playwright.dev - Judul cocok.
2025-11-01 19:40:39,895 [INFO] ------------------------------------------------------------
2025-11-01 19:40:40,193 [INFO] 🌐 Membuka: https://w3schools.com
2025-11-01 19:40:41,964 [INFO] 📄 Judul halaman: W3Schools Online Web Tutorials
2025-11-01 19:40:41,964 [INFO] ✅ [PASS] https://w3schools.com - Judul cocok.
2025-11-01 19:40:41,964 [INFO] ------------------------------------------------------------
2025-11-01 19:40:42,825 [INFO] 🌐 Membuka: https://python.org
2025-11-01 19:40:43,514 [INFO] 📄 Judul halaman: Welcome to Python.org
2025-11-01 19:40:43,514 [INFO] ✅ [PASS] https://python.org - Judul cocok.
2025-11-01 19:40:43,515 [INFO] ------------------------------------------------------------
2025-11-01 19:42:35,253 [INFO] 🌐 Membuka: https://playwright.dev
2025-11-01 19:42:35,974 [INFO] 📄 Judul halaman: Fast and reliable end-to-end testing for modern web apps | Playwright
2025-11-01 19:42:35,974 [INFO] ✅ [PASS] https://playwright.dev - Judul cocok.
2025-11-01 19:42:35,974 [INFO] ------------------------------------------------------------
2025-11-01 19:42:36,538 [INFO] 🌐 Membuka: https://w3schools.com
2025-11-01 19:42:38,611 [INFO] 📄 Judul halaman: W3Schools Online Web Tutorials
2025-11-01 19:42:38,611 [INFO] ✅ [PASS] https://w3schools.com - Judul cocok.
2025-11-01 19:42:38,611 [INFO] ------------------------------------------------------------
2025-11-01 19:42:39,142 [INFO] 🌐 Membuka: https://python.org
2025-11-01 19:42:39,740 [INFO] 📄 Judul halaman: Welcome to Python.org
2025-11-01 19:42:39,740 [INFO] ✅ [PASS] https://python.org - Judul cocok.
2025-11-01 19:42:39,740 [INFO] ------------------------------------------------------------
2025-11-01 19:44:44,129 [INFO] 🌐 Membuka: https://playwright.dev
2025-11-01 19:44:44,831 [INFO] 📄 Judul halaman: Fast and reliable end-to-end testing for modern web apps | Playwright
2025-11-01 19:44:44,831 [INFO] ✅ [PASS] https://playwright.dev - Judul cocok.
2025-11-01 19:44:44,831 [INFO] ------------------------------------------------------------
2025-11-01 19:44:45,125 [INFO] 🌐 Membuka: https://w3schools.com
2025-11-01 19:44:46,422 [INFO] 📄 Judul halaman: W3Schools Online Web Tutorials
2025-11-01 19:44:46,422 [INFO] ✅ [PASS] https://w3schools.com - Judul cocok.
2025-11-01 19:44:46,422 [INFO] ------------------------------------------------------------
2025-11-01 19:44:47,009 [INFO] 🌐 Membuka: https://python.org
2025-11-01 19:44:47,588 [INFO] 📄 Judul halaman: Welcome to Python.org
2025-11-01 19:44:47,588 [INFO] ✅ [PASS] https://python.org - Judul cocok.
2025-11-01 19:44:47,588 [INFO] ------------------------------------------------------------
2025-11-01 19:50:14,779 [INFO] 🌐 Membuka: https://playwright.dev
2025-11-01 19:50:15,580 [INFO] 📄 Judul halaman: Fast and reliable end-to-end testing for modern web apps | Playwright
2025-11-01 19:50:15,580 [INFO] ✅ [PASS] https://playwright.dev - Judul cocok.
2025-11-01 19:50:15,580 [INFO] ------------------------------------------------------------
2025-11-01 19:50:15,876 [INFO] 🌐 Membuka: https://w3schools.com
2025-11-01 19:50:17,276 [INFO] 📄 Judul halaman: W3Schools Online Web Tutorials
2025-11-01 19:50:17,276 [INFO] ✅ [PASS] https://w3schools.com - Judul cocok.
2025-11-01 19:50:17,276 [INFO] ------------------------------------------------------------
2025-11-01 19:50:17,805 [INFO] 🌐 Membuka: https://python.org
2025-11-01 19:50:18,498 [INFO] 📄 Judul halaman: Welcome to Python.org
2025-11-01 19:50:18,498 [INFO] ✅ [PASS] https://python.org - Judul cocok.
2025-11-01 19:50:18,498 [INFO] ------------------------------------------------------------
2025-11-01 19:52:23,165 [INFO] 🌐 Membuka: https://playwright.dev
2025-11-01 19:52:23,765 [INFO] 📄 Judul halaman: Fast and reliable end-to-end testing for modern web apps | Playwright
2025-11-01 19:52:23,765 [INFO] ✅ [PASS] https://playwright.dev - Judul cocok.
2025-11-01 19:52:23,765 [INFO] ------------------------------------------------------------
2025-11-01 19:52:24,073 [INFO] 🌐 Membuka: https://w3schools.com
2025-11-01 19:52:25,399 [INFO] 📄 Judul halaman: W3Schools Online Web Tutorials
2025-11-01 19:52:25,400 [INFO] ✅ [PASS] https://w3schools.com - Judul cocok.
2025-11-01 19:52:25,400 [INFO] ------------------------------------------------------------
2025-11-01 19:52:25,988 [INFO] 🌐 Membuka: https://python.org
2025-11-01 19:52:26,455 [INFO] 📄 Judul halaman: Welcome to Python.org
2025-11-01 19:52:26,455 [INFO] ✅ [PASS] https://python.org - Judul cocok.
2025-11-01 19:52:26,455 [INFO] ------------------------------------------------------------
2025-11-01 19:57:31,516 [INFO] 🌐 Membuka: https://playwright.dev
2025-11-01 19:57:32,507 [INFO] 📄 Judul halaman: Fast and reliable end-to-end testing for modern web apps | Playwright
2025-11-01 19:57:32,507 [INFO] ✅ [PASS] https://playwright.dev - Judul cocok.
2025-11-01 19:57:32,507 [INFO] ------------------------------------------------------------
2025-11-01 19:57:32,804 [INFO] 🌐 Membuka: https://w3schools.com
2025-11-01 19:57:34,135 [INFO] 📄 Judul halaman: W3Schools Online Web Tutorials
2025-11-01 19:57:34,135 [INFO] ✅ [PASS] https://w3schools.com - Judul cocok.
2025-11-01 19:57:34,135 [INFO] ------------------------------------------------------------
2025-11-01 19:57:34,752 [INFO] 🌐 Membuka: https://python.org
2025-11-01 19:57:35,435 [INFO] 📄 Judul halaman: Welcome to Python.org
2025-11-01 19:57:35,436 [INFO] ✅ [PASS] https://python.org - Judul cocok.
2025-11-01 19:57:35,436 [INFO] ------------------------------------------------------------
2025-11-01 20:00:40,226 [INFO] 🌐 Membuka: https://playwright.dev
2025-11-01 20:00:40,972 [INFO] 📄 Judul halaman: Fast and reliable end-to-end testing for modern web apps | Playwright
2025-11-01 20:00:40,972 [INFO] ✅ [PASS] https://playwright.dev - Judul cocok.
2025-11-01 20:00:40,972 [INFO] ------------------------------------------------------------
2025-11-01 20:00:41,882 [INFO] 🌐 Membuka: https://w3schools.com
2025-11-01 20:00:43,459 [INFO] 📄 Judul halaman: W3Schools Online Web Tutorials
2025-11-01 20:00:43,460 [INFO] ✅ [PASS] https://w3schools.com - Judul cocok.
2025-11-01 20:00:43,460 [INFO] ------------------------------------------------------------
2025-11-01 20:00:44,193 [INFO] 🌐 Membuka: https://python.org
2025-11-01 20:00:44,811 [INFO] 📄 Judul halaman: Welcome to Python.org
2025-11-01 20:00:44,812 [INFO] ✅ [PASS] https://python.org - Judul cocok.
2025-11-01 20:00:44,812 [INFO] ------------------------------------------------------------
2025-11-01 20:01:02,216 [INFO] 🌐 Membuka: https://playwright.dev
2025-11-01 20:01:02,873 [INFO] 📄 Judul halaman: Fast and reliable end-to-end testing for modern web apps | Playwright
2025-11-01 20:01:02,873 [INFO] ✅ [PASS] https://playwright.dev - Judul cocok.
2025-11-01 20:01:02,873 [INFO] ------------------------------------------------------------
2025-11-01 20:01:03,313 [INFO] 🌐 Membuka: https://w3schools.com
2025-11-01 20:01:04,787 [INFO] 📄 Judul halaman: W3Schools Online Web Tutorials
2025-11-01 20:01:04,788 [INFO] ✅ [PASS] https://w3schools.com - Judul cocok.
2025-11-01 20:01:04,788 [INFO] ------------------------------------------------------------
2025-11-01 20:01:05,378 [INFO] 🌐 Membuka: https://python.org
2025-11-01 20:01:05,868 [INFO] 📄 Judul halaman: Welcome to Python.org
2025-11-01 20:01:05,868 [INFO] ✅ [PASS] https://python.org - Judul cocok.
2025-11-01 20:01:05,868 [INFO] ------------------------------------------------------------
2025-11-01 20:02:43,862 [INFO] 🌐 Membuka: https://playwright.dev
2025-11-01 20:02:44,483 [INFO] 📄 Judul halaman: Fast and reliable end-to-end testing for modern web apps | Playwright
2025-11-01 20:02:44,483 [INFO] ✅ [PASS] https://playwright.dev - Judul cocok.
2025-11-01 20:02:44,483 [INFO] ------------------------------------------------------------
2025-11-01 20:02:45,109 [INFO] 🌐 Membuka: https://w3schools.com
2025-11-01 20:02:46,598 [INFO] 📄 Judul halaman: W3Schools Online Web Tutorials
2025-11-01 20:02:46,599 [INFO] ✅ [PASS] https://w3schools.com - Judul cocok.
2025-11-01 20:02:46,599 [INFO] ------------------------------------------------------------
2025-11-01 20:02:47,177 [INFO] 🌐 Membuka: https://python.org
2025-11-01 20:02:47,831 [INFO] 📄 Judul halaman: Welcome to Python.org
2025-11-01 20:02:47,831 [INFO] ✅ [PASS] https://python.org - Judul cocok.
2025-11-01 20:02:47,831 [INFO] ------------------------------------------------------------
2025-11-02 09:38:30,074 [INFO] Membuka halaman: https://playwright.dev
2025-11-02 09:38:30,703 [INFO] Title halaman: Playwright
2025-11-02 09:38:30,723 [INFO] ✅ https://playwright.dev berisi teks 'Playwright' seperti yang diharapkan.
2025-11-02 09:38:30,990 [INFO] Membuka halaman: https://w3schools.com
2025-11-02 09:38:33,597 [INFO] Title halaman: W3Schools Online Web Tutorials
2025-11-02 09:38:33,639 [INFO] ✅ https://w3schools.com berisi teks 'W3Schools' seperti yang diharapkan.
2025-11-02 17:31:46,926 [INFO] 🔹 Memulai pengujian navigasi utama...
2025-11-02 17:31:47,885 [INFO] ✅ Halaman utama Playwright Python dibuka.
2025-11-02 17:31:53,174 [INFO] 🔹 Memulai pengujian tautan footer...
2025-11-02 17:31:53,869 [INFO] 🔍 Ditemukan 12 tautan di footer.
2025-11-02 17:31:53,877 [INFO] ➡️ Mengecek footer link: Getting started (/python/docs/intro)
2025-11-02 17:34:36,978 [INFO] 🔹 Memulai pengujian navigasi utama...
2025-11-02 17:34:38,819 [INFO] ✅ Halaman utama Playwright Python dibuka.
2025-11-02 17:34:38,868 [INFO] ✅ Judul halaman sesuai (regex cocok).
2025-11-02 17:34:38,868 [INFO] 🔍 Mengecek tautan: Get started
2025-11-02 17:34:39,048 [INFO] ➡️ Klik link 'Get started' berhasil.
2025-11-02 17:34:39,277 [INFO] 🔹 Memulai pengujian tautan footer...
2025-11-02 17:34:40,124 [INFO] 🔍 Ditemukan 12 tautan di footer.
2025-11-02 17:34:40,130 [INFO] ➡️ Mengecek footer link: Getting started (/python/docs/intro)
2025-11-02 17:34:40,130 [INFO] ✅ Link footer valid: /python/docs/intro
2025-11-02 17:34:40,135 [INFO] ➡️ Mengecek footer link: Playwright Training (https://learn.microsoft.com/en-us/training/modules/build-with-playwright/)
2025-11-02 17:34:40,135 [INFO] ✅ Link footer valid: https://learn.microsoft.com/en-us/training/modules/build-with-playwright/
2025-11-02 17:34:40,139 [INFO] ➡️ Mengecek footer link: Learn Videos (/python/community/learn-videos)
2025-11-02 17:34:40,139 [INFO] ✅ Link footer valid: /python/community/learn-videos
2025-11-02 17:34:40,144 [INFO] ➡️ Mengecek footer link: Feature Videos (/python/community/feature-videos)
2025-11-02 17:34:40,144 [INFO] ✅ Link footer valid: /python/community/feature-videos
2025-11-02 17:34:40,148 [INFO] ➡️ Mengecek footer link: Stack Overflow (https://stackoverflow.com/questions/tagged/playwright)
2025-11-02 17:34:40,148 [INFO] ✅ Link footer valid: https://stackoverflow.com/questions/tagged/playwright
2025-11-02 17:34:40,152 [INFO] ➡️ Mengecek footer link: Discord (https://aka.ms/playwright/discord)
2025-11-02 17:34:40,152 [INFO] ✅ Link footer valid: https://aka.ms/playwright/discord
2025-11-02 17:34:40,155 [INFO] ➡️ Mengecek footer link: Twitter (https://twitter.com/playwrightweb)
2025-11-02 17:34:40,155 [INFO] ✅ Link footer valid: https://twitter.com/playwrightweb
2025-11-02 17:34:40,159 [INFO] ➡️ Mengecek footer link: LinkedIn (https://www.linkedin.com/company/playwrightweb)
2025-11-02 17:34:40,159 [INFO] ✅ Link footer valid: https://www.linkedin.com/company/playwrightweb
2025-11-02 17:34:40,162 [INFO] ➡️ Mengecek footer link: GitHub (https://github.com/microsoft/playwright-python)
2025-11-02 17:34:40,163 [INFO] ✅ Link footer valid: https://github.com/microsoft/playwright-python
2025-11-02 17:34:40,166 [INFO] ➡️ Mengecek footer link: YouTube (https://www.youtube.com/channel/UC46Zj8pDH5tDosqm1gd7WTg)
2025-11-02 17:34:40,166 [INFO] ✅ Link footer valid: https://www.youtube.com/channel/UC46Zj8pDH5tDosqm1gd7WTg
2025-11-02 17:34:40,169 [INFO] ➡️ Mengecek footer link: Blog (https://dev.to/playwright)
2025-11-02 17:34:40,169 [INFO] ✅ Link footer valid: https://dev.to/playwright
2025-11-02 17:34:40,173 [INFO] ➡️ Mengecek footer link: Ambassadors (/python/community/ambassadors)
2025-11-02 17:34:40,173 [INFO] ✅ Link footer valid: /python/community/ambassadors
2025-11-02 17:34:40,337 [INFO] 📸 Screenshot footer tersimpan.
2025-11-02 17:34:40,337 [INFO] 🎉 Semua tautan footer berhasil diverifikasi.
2025-11-02 17:38:50,206 [INFO] 🔹 Memulai pengujian navigasi utama...
2025-11-02 17:38:51,028 [INFO] ✅ Halaman utama Playwright Python dibuka.
2025-11-02 17:38:51,058 [INFO] ✅ Judul halaman sesuai (regex cocok).
2025-11-02 17:38:51,058 [INFO] 🔍 Mengecek tautan: Get started
2025-11-02 17:38:51,254 [INFO] ➡️ Klik link 'Get started' berhasil.
2025-11-02 17:38:51,261 [INFO] ✅ URL berisi 'intro' sesuai ekspektasi.
2025-11-02 17:38:51,268 [INFO] 🔍 Mengecek tautan: API reference
2025-11-02 17:38:56,596 [INFO] 🔹 Memulai pengujian tautan footer...
2025-11-02 17:38:57,083 [INFO] 🔍 Ditemukan 12 tautan di footer.
2025-11-02 17:38:57,091 [INFO] ➡️ Mengecek footer link: Getting started (/python/docs/intro)
2025-11-02 17:38:57,091 [INFO] ✅ Link footer valid (internal): /python/docs/intro
2025-11-02 17:38:57,095 [INFO] ➡️ Mengecek footer link: Playwright Training (https://learn.microsoft.com/en-us/training/modules/build-with-playwright/)
2025-11-02 17:38:57,095 [INFO] ✅ Link footer valid: https://learn.microsoft.com/en-us/training/modules/build-with-playwright/
2025-11-02 17:38:57,099 [INFO] ➡️ Mengecek footer link: Learn Videos (/python/community/learn-videos)
2025-11-02 17:38:57,100 [INFO] ✅ Link footer valid (internal): /python/community/learn-videos
2025-11-02 17:38:57,103 [INFO] ➡️ Mengecek footer link: Feature Videos (/python/community/feature-videos)
2025-11-02 17:38:57,103 [INFO] ✅ Link footer valid (internal): /python/community/feature-videos
2025-11-02 17:38:57,107 [INFO] ➡️ Mengecek footer link: Stack Overflow (https://stackoverflow.com/questions/tagged/playwright)
2025-11-02 17:38:57,107 [INFO] ✅ Link footer valid: https://stackoverflow.com/questions/tagged/playwright
2025-11-02 17:38:57,111 [INFO] ➡️ Mengecek footer link: Discord (https://aka.ms/playwright/discord)
2025-11-02 17:38:57,111 [INFO] ✅ Link footer valid: https://aka.ms/playwright/discord
2025-11-02 17:38:57,114 [INFO] ➡️ Mengecek footer link: Twitter (https://twitter.com/playwrightweb)
2025-11-02 17:38:57,114 [INFO] ✅ Link footer valid: https://twitter.com/playwrightweb
2025-11-02 17:38:57,117 [INFO] ➡️ Mengecek footer link: LinkedIn (https://www.linkedin.com/company/playwrightweb)
2025-11-02 17:38:57,117 [INFO] ✅ Link footer valid: https://www.linkedin.com/company/playwrightweb
2025-11-02 17:38:57,121 [INFO] ➡️ Mengecek footer link: GitHub (https://github.com/microsoft/playwright-python)
2025-11-02 17:38:57,121 [INFO] ✅ Link footer valid: https://github.com/microsoft/playwright-python
2025-11-02 17:38:57,124 [INFO] ➡️ Mengecek footer link: YouTube (https://www.youtube.com/channel/UC46Zj8pDH5tDosqm1gd7WTg)
2025-11-02 17:38:57,124 [INFO] ✅ Link footer valid: https://www.youtube.com/channel/UC46Zj8pDH5tDosqm1gd7WTg
2025-11-02 17:38:57,130 [INFO] ➡️ Mengecek footer link: Blog (https://dev.to/playwright)
2025-11-02 17:38:57,130 [INFO] ✅ Link footer valid: https://dev.to/playwright
2025-11-02 17:38:57,134 [INFO] ➡️ Mengecek footer link: Ambassadors (/python/community/ambassadors)
2025-11-02 17:38:57,134 [INFO] ✅ Link footer valid (internal): /python/community/ambassadors
2025-11-02 17:38:57,168 [INFO] 📸 Screenshot footer tersimpan.
2025-11-02 17:38:57,168 [INFO] 🎉 Semua tautan footer berhasil diverifikasi.
2025-11-02 17:43:32,580 [INFO] 🔹 Memulai pengujian navigasi utama...
2025-11-02 17:43:33,456 [INFO] ✅ Halaman utama Playwright Python dibuka.
2025-11-02 17:43:33,478 [INFO] ✅ Judul halaman sesuai (regex cocok).
2025-11-02 17:43:33,478 [INFO] 🔍 Mengecek tautan: Get started
2025-11-02 17:43:33,548 [INFO] ➡️ Klik link 'Get started' berhasil.
2025-11-02 17:43:33,550 [INFO] ✅ URL berisi 'intro' sesuai ekspektasi.
2025-11-02 17:43:33,550 [INFO] 🔍 Mengecek tautan: API reference
2025-11-02 17:43:43,565 [INFO] [ERROR] Locator expected to be visible
Actual value: <element(s) not found> 
Call log:
  - Expect "to_be_visible" with timeout 10000ms
  - waiting for get_by_role("link", name="API reference", exact=True)

2025-11-02 17:43:43,795 [INFO] [INFO] Screenshot gagal disimpan: reports/screenshots/FAILED_NAV_20251102_174332.png
2025-11-02 17:43:44,008 [INFO] 🔹 Memulai pengujian tautan footer...
2025-11-02 17:43:44,484 [INFO] 🔍 Ditemukan 12 tautan di footer.
2025-11-02 17:43:44,492 [INFO] ➡️ Mengecek footer link: Getting started (/python/docs/intro)
2025-11-02 17:43:44,493 [INFO] ✅ Link footer valid (internal): /python/docs/intro
2025-11-02 17:43:44,502 [INFO] ➡️ Mengecek footer link: Playwright Training (https://learn.microsoft.com/en-us/training/modules/build-with-playwright/)
2025-11-02 17:43:44,502 [INFO] ✅ Link footer valid: https://learn.microsoft.com/en-us/training/modules/build-with-playwright/
2025-11-02 17:43:44,508 [INFO] ➡️ Mengecek footer link: Learn Videos (/python/community/learn-videos)
2025-11-02 17:43:44,508 [INFO] ✅ Link footer valid (internal): /python/community/learn-videos
2025-11-02 17:43:44,512 [INFO] ➡️ Mengecek footer link: Feature Videos (/python/community/feature-videos)
2025-11-02 17:43:44,512 [INFO] ✅ Link footer valid (internal): /python/community/feature-videos
2025-11-02 17:43:44,516 [INFO] ➡️ Mengecek footer link: Stack Overflow (https://stackoverflow.com/questions/tagged/playwright)
2025-11-02 17:43:44,517 [INFO] ✅ Link footer valid: https://stackoverflow.com/questions/tagged/playwright
2025-11-02 17:43:44,520 [INFO] ➡️ Mengecek footer link: Discord (https://aka.ms/playwright/discord)
2025-11-02 17:43:44,520 [INFO] ✅ Link footer valid: https://aka.ms/playwright/discord
2025-11-02 17:43:44,523 [INFO] ➡️ Mengecek footer link: Twitter (https://twitter.com/playwrightweb)
2025-11-02 17:43:44,523 [INFO] ✅ Link footer valid: https://twitter.com/playwrightweb
2025-11-02 17:43:44,527 [INFO] ➡️ Mengecek footer link: LinkedIn (https://www.linkedin.com/company/playwrightweb)
2025-11-02 17:43:44,527 [INFO] ✅ Link footer valid: https://www.linkedin.com/company/playwrightweb
2025-11-02 17:43:44,533 [INFO] ➡️ Mengecek footer link: GitHub (https://github.com/microsoft/playwright-python)
2025-11-02 17:43:44,533 [INFO] ✅ Link footer valid: https://github.com/microsoft/playwright-python
2025-11-02 17:43:44,537 [INFO] ➡️ Mengecek footer link: YouTube (https://www.youtube.com/channel/UC46Zj8pDH5tDosqm1gd7WTg)
2025-11-02 17:43:44,537 [INFO] ✅ Link footer valid: https://www.youtube.com/channel/UC46Zj8pDH5tDosqm1gd7WTg
2025-11-02 17:43:44,540 [INFO] ➡️ Mengecek footer link: Blog (https://dev.to/playwright)
2025-11-02 17:43:44,540 [INFO] ✅ Link footer valid: https://dev.to/playwright
2025-11-02 17:43:44,543 [INFO] ➡️ Mengecek footer link: Ambassadors (/python/community/ambassadors)
2025-11-02 17:43:44,543 [INFO] ✅ Link footer valid (internal): /python/community/ambassadors
2025-11-02 17:43:44,712 [INFO] 📸 Screenshot footer tersimpan.
2025-11-02 17:43:44,712 [INFO] 🎉 Semua tautan footer berhasil diverifikasi.
2025-11-02 17:45:29,038 [INFO] 🔹 Memulai pengujian navigasi utama...
2025-11-02 17:45:30,361 [INFO] ✅ Halaman utama Playwright Python dibuka.
2025-11-02 17:45:30,411 [INFO] ✅ Judul halaman sesuai (regex cocok).
2025-11-02 17:45:30,411 [INFO] 🔍 Mengecek tautan: Get started
2025-11-02 17:45:30,488 [INFO] ➡️ Klik link 'Get started' berhasil.
2025-11-02 17:45:30,489 [INFO] ✅ URL berisi 'intro' sesuai ekspektasi.
2025-11-02 17:45:30,524 [INFO] ↩️ Kembali ke halaman utama untuk cek tautan berikutnya.
2025-11-02 17:45:30,524 [INFO] 🔍 Mengecek tautan: API reference
2025-11-02 17:45:40,544 [INFO] [ERROR] Locator expected to be visible
Actual value: <element(s) not found> 
Call log:
  - Expect "to_be_visible" with timeout 10000ms
  - waiting for get_by_role("link", name="API reference", exact=True)

2025-11-02 17:45:40,796 [INFO] 📸 Screenshot error disimpan: reports/screenshots/FAILED_NAV_20251102_174529.png
2025-11-02 17:45:41,027 [INFO] 🔹 Memulai pengujian tautan footer...
2025-11-02 17:45:41,574 [INFO] 🔍 Ditemukan 12 tautan di footer.
2025-11-02 17:45:41,579 [INFO] ➡️ Mengecek footer link: Getting started (/python/docs/intro)
2025-11-02 17:45:41,579 [INFO] ✅ Link footer valid (internal): /python/docs/intro
2025-11-02 17:45:41,585 [INFO] ➡️ Mengecek footer link: Playwright Training (https://learn.microsoft.com/en-us/training/modules/build-with-playwright/)
2025-11-02 17:45:41,586 [INFO] ✅ Link footer valid: https://learn.microsoft.com/en-us/training/modules/build-with-playwright/
2025-11-02 17:45:41,590 [INFO] ➡️ Mengecek footer link: Learn Videos (/python/community/learn-videos)
2025-11-02 17:45:41,590 [INFO] ✅ Link footer valid (internal): /python/community/learn-videos
2025-11-02 17:45:41,593 [INFO] ➡️ Mengecek footer link: Feature Videos (/python/community/feature-videos)
2025-11-02 17:45:41,593 [INFO] ✅ Link footer valid (internal): /python/community/feature-videos
2025-11-02 17:45:41,596 [INFO] ➡️ Mengecek footer link: Stack Overflow (https://stackoverflow.com/questions/tagged/playwright)
2025-11-02 17:45:41,596 [INFO] ✅ Link footer valid: https://stackoverflow.com/questions/tagged/playwright
2025-11-02 17:45:41,599 [INFO] ➡️ Mengecek footer link: Discord (https://aka.ms/playwright/discord)
2025-11-02 17:45:41,599 [INFO] ✅ Link footer valid: https://aka.ms/playwright/discord
2025-11-02 17:45:41,603 [INFO] ➡️ Mengecek footer link: Twitter (https://twitter.com/playwrightweb)
2025-11-02 17:45:41,603 [INFO] ✅ Link footer valid: https://twitter.com/playwrightweb
2025-11-02 17:45:41,606 [INFO] ➡️ Mengecek footer link: LinkedIn (https://www.linkedin.com/company/playwrightweb)
2025-11-02 17:45:41,606 [INFO] ✅ Link footer valid: https://www.linkedin.com/company/playwrightweb
2025-11-02 17:45:41,609 [INFO] ➡️ Mengecek footer link: GitHub (https://github.com/microsoft/playwright-python)
2025-11-02 17:45:41,609 [INFO] ✅ Link footer valid: https://github.com/microsoft/playwright-python
2025-11-02 17:45:41,613 [INFO] ➡️ Mengecek footer link: YouTube (https://www.youtube.com/channel/UC46Zj8pDH5tDosqm1gd7WTg)
2025-11-02 17:45:41,613 [INFO] ✅ Link footer valid: https://www.youtube.com/channel/UC46Zj8pDH5tDosqm1gd7WTg
2025-11-02 17:45:41,617 [INFO] ➡️ Mengecek footer link: Blog (https://dev.to/playwright)
2025-11-02 17:45:41,617 [INFO] ✅ Link footer valid: https://dev.to/playwright
2025-11-02 17:45:41,622 [INFO] ➡️ Mengecek footer link: Ambassadors (/python/community/ambassadors)
2025-11-02 17:45:41,622 [INFO] ✅ Link footer valid (internal): /python/community/ambassadors
2025-11-02 17:45:41,787 [INFO] 📸 Screenshot footer tersimpan.
2025-11-02 17:45:41,787 [INFO] 🎉 Semua tautan footer berhasil diverifikasi.
2025-11-02 17:45:53,022 [INFO] 🔹 Memulai pengujian navigasi utama...
2025-11-02 17:45:53,512 [INFO] ✅ Halaman utama Playwright Python dibuka.
2025-11-02 17:45:53,544 [INFO] ✅ Judul halaman sesuai (regex cocok).
2025-11-02 17:45:53,545 [INFO] 🔍 Mengecek tautan: Get started
2025-11-02 17:45:53,616 [INFO] ➡️ Klik link 'Get started' berhasil.
2025-11-02 17:45:53,617 [INFO] ✅ URL berisi 'intro' sesuai ekspektasi.
2025-11-02 17:45:53,651 [INFO] ↩️ Kembali ke halaman utama untuk cek tautan berikutnya.
2025-11-02 17:45:53,652 [INFO] 🔍 Mengecek tautan: API reference
2025-11-02 17:46:03,656 [INFO] [ERROR] Locator expected to be visible
Actual value: <element(s) not found> 
Call log:
  - Expect "to_be_visible" with timeout 10000ms
  - waiting for get_by_role("link", name="API reference", exact=True)

2025-11-02 17:46:03,909 [INFO] 📸 Screenshot error disimpan: reports/screenshots/FAILED_NAV_20251102_174553.png
2025-11-02 17:46:04,139 [INFO] 🔹 Memulai pengujian tautan footer...
2025-11-02 17:46:04,786 [INFO] 🔍 Ditemukan 12 tautan di footer.
2025-11-02 17:46:04,792 [INFO] ➡️ Mengecek footer link: Getting started (/python/docs/intro)
2025-11-02 17:46:04,792 [INFO] ✅ Link footer valid (internal): /python/docs/intro
2025-11-02 17:46:04,800 [INFO] ➡️ Mengecek footer link: Playwright Training (https://learn.microsoft.com/en-us/training/modules/build-with-playwright/)
2025-11-02 17:46:04,800 [INFO] ✅ Link footer valid: https://learn.microsoft.com/en-us/training/modules/build-with-playwright/
2025-11-02 17:46:04,804 [INFO] ➡️ Mengecek footer link: Learn Videos (/python/community/learn-videos)
2025-11-02 17:46:04,804 [INFO] ✅ Link footer valid (internal): /python/community/learn-videos
2025-11-02 17:46:04,809 [INFO] ➡️ Mengecek footer link: Feature Videos (/python/community/feature-videos)
2025-11-02 17:46:04,809 [INFO] ✅ Link footer valid (internal): /python/community/feature-videos
2025-11-02 17:46:04,813 [INFO] ➡️ Mengecek footer link: Stack Overflow (https://stackoverflow.com/questions/tagged/playwright)
2025-11-02 17:46:04,813 [INFO] ✅ Link footer valid: https://stackoverflow.com/questions/tagged/playwright
2025-11-02 17:46:04,816 [INFO] ➡️ Mengecek footer link: Discord (https://aka.ms/playwright/discord)
2025-11-02 17:46:04,816 [INFO] ✅ Link footer valid: https://aka.ms/playwright/discord
2025-11-02 17:46:04,819 [INFO] ➡️ Mengecek footer link: Twitter (https://twitter.com/playwrightweb)
2025-11-02 17:46:04,819 [INFO] ✅ Link footer valid: https://twitter.com/playwrightweb
2025-11-02 17:46:04,823 [INFO] ➡️ Mengecek footer link: LinkedIn (https://www.linkedin.com/company/playwrightweb)
2025-11-02 17:46:04,824 [INFO] ✅ Link footer valid: https://www.linkedin.com/company/playwrightweb
2025-11-02 17:46:04,830 [INFO] ➡️ Mengecek footer link: GitHub (https://github.com/microsoft/playwright-python)
2025-11-02 17:46:04,830 [INFO] ✅ Link footer valid: https://github.com/microsoft/playwright-python
2025-11-02 17:46:04,835 [INFO] ➡️ Mengecek footer link: YouTube (https://www.youtube.com/channel/UC46Zj8pDH5tDosqm1gd7WTg)
2025-11-02 17:46:04,835 [INFO] ✅ Link footer valid: https://www.youtube.com/channel/UC46Zj8pDH5tDosqm1gd7WTg
2025-11-02 17:46:04,840 [INFO] ➡️ Mengecek footer link: Blog (https://dev.to/playwright)
2025-11-02 17:46:04,840 [INFO] ✅ Link footer valid: https://dev.to/playwright
2025-11-02 17:46:04,844 [INFO] ➡️ Mengecek footer link: Ambassadors (/python/community/ambassadors)
2025-11-02 17:46:04,844 [INFO] ✅ Link footer valid (internal): /python/community/ambassadors
2025-11-02 17:46:05,017 [INFO] 📸 Screenshot footer tersimpan.
2025-11-02 17:46:05,017 [INFO] 🎉 Semua tautan footer berhasil diverifikasi.
2025-11-02 17:56:27,271 [INFO] 🔹 Memulai pengujian navigasi utama...
2025-11-02 17:56:29,657 [INFO] ✅ Halaman utama Playwright Python dibuka.
2025-11-02 17:56:29,693 [INFO] ✅ Judul halaman sesuai (regex cocok).
2025-11-02 17:56:29,694 [INFO] 🔍 Mengecek tautan: Get started
2025-11-02 17:56:29,843 [INFO] ✅ URL berisi 'intro' sesuai ekspektasi.
2025-11-02 17:56:30,942 [INFO] ↩️ Kembali ke halaman utama untuk cek tautan berikutnya.
2025-11-02 17:56:30,943 [INFO] 🔍 Mengecek tautan: API reference
2025-11-02 17:56:31,516 [INFO] [ERROR] Tidak dapat menemukan link: API reference
2025-11-02 17:56:31,734 [INFO] 📸 Screenshot error disimpan: reports/screenshots/FAILED_NAV_20251102_175627.png
2025-11-02 17:56:31,933 [INFO] 🔹 Memulai pengujian tautan footer...
2025-11-02 17:56:32,963 [INFO] 🔍 Ditemukan 12 tautan di footer.
2025-11-02 17:56:32,973 [INFO] ➡️ Mengecek footer link: Getting started (/python/docs/intro)
2025-11-02 17:56:32,973 [INFO] ✅ Link footer valid: /python/docs/intro
2025-11-02 17:56:32,978 [INFO] ➡️ Mengecek footer link: Playwright Training (https://learn.microsoft.com/en-us/training/modules/build-with-playwright/)
2025-11-02 17:56:32,979 [INFO] ✅ Link footer valid: https://learn.microsoft.com/en-us/training/modules/build-with-playwright/
2025-11-02 17:56:32,984 [INFO] ➡️ Mengecek footer link: Learn Videos (/python/community/learn-videos)
2025-11-02 17:56:32,984 [INFO] ✅ Link footer valid: /python/community/learn-videos
2025-11-02 17:56:32,990 [INFO] ➡️ Mengecek footer link: Feature Videos (/python/community/feature-videos)
2025-11-02 17:56:32,990 [INFO] ✅ Link footer valid: /python/community/feature-videos
2025-11-02 17:56:32,995 [INFO] ➡️ Mengecek footer link: Stack Overflow (https://stackoverflow.com/questions/tagged/playwright)
2025-11-02 17:56:32,995 [INFO] ✅ Link footer valid: https://stackoverflow.com/questions/tagged/playwright
2025-11-02 17:56:32,999 [INFO] ➡️ Mengecek footer link: Discord (https://aka.ms/playwright/discord)
2025-11-02 17:56:32,999 [INFO] ✅ Link footer valid: https://aka.ms/playwright/discord
2025-11-02 17:56:33,003 [INFO] ➡️ Mengecek footer link: Twitter (https://twitter.com/playwrightweb)
2025-11-02 17:56:33,003 [INFO] ✅ Link footer valid: https://twitter.com/playwrightweb
2025-11-02 17:56:33,007 [INFO] ➡️ Mengecek footer link: LinkedIn (https://www.linkedin.com/company/playwrightweb)
2025-11-02 17:56:33,007 [INFO] ✅ Link footer valid: https://www.linkedin.com/company/playwrightweb
2025-11-02 17:56:33,010 [INFO] ➡️ Mengecek footer link: GitHub (https://github.com/microsoft/playwright-python)
2025-11-02 17:56:33,011 [INFO] ✅ Link footer valid: https://github.com/microsoft/playwright-python
2025-11-02 17:56:33,015 [INFO] ➡️ Mengecek footer link: YouTube (https://www.youtube.com/channel/UC46Zj8pDH5tDosqm1gd7WTg)
2025-11-02 17:56:33,015 [INFO] ✅ Link footer valid: https://www.youtube.com/channel/UC46Zj8pDH5tDosqm1gd7WTg
2025-11-02 17:56:33,018 [INFO] ➡️ Mengecek footer link: Blog (https://dev.to/playwright)
2025-11-02 17:56:33,019 [INFO] ✅ Link footer valid: https://dev.to/playwright
2025-11-02 17:56:33,022 [INFO] ➡️ Mengecek footer link: Ambassadors (/python/community/ambassadors)
2025-11-02 17:56:33,022 [INFO] ✅ Link footer valid: /python/community/ambassadors
2025-11-02 17:56:33,189 [INFO] 📸 Screenshot footer tersimpan.
2025-11-02 17:56:33,189 [INFO] 🎉 Semua tautan footer berhasil diverifikasi.
2025-11-02 18:29:22,144 [INFO] 🔹 Memulai pengujian navigasi utama...
2025-11-02 18:29:24,788 [INFO] ✅ Halaman utama Playwright Python dibuka.
2025-11-02 18:29:24,827 [INFO] ✅ Judul halaman sesuai (regex cocok).
2025-11-02 18:29:24,827 [INFO] 🔍 Mengecek tautan: Get started
2025-11-02 18:29:25,990 [INFO] ✅ URL berisi 'intro' sesuai ekspektasi.
2025-11-02 18:29:26,701 [INFO] ↩️ Kembali ke halaman utama untuk cek tautan berikutnya.
2025-11-02 18:29:27,211 [INFO] 🔍 Mengecek tautan: API
2025-11-02 18:29:28,312 [INFO] ✅ URL berisi 'api' sesuai ekspektasi.
2025-11-02 18:29:28,902 [INFO] ↩️ Kembali ke halaman utama untuk cek tautan berikutnya.
2025-11-02 18:29:29,405 [INFO] 🔍 Mengecek tautan: Guides
2025-11-02 18:29:29,461 [INFO] [ERROR] Tidak dapat menemukan link: Guides
2025-11-02 18:29:29,691 [INFO] 📸 Screenshot error disimpan: reports/screenshots/FAILED_NAV_20251102_182922.png
2025-11-02 18:34:21,280 [WARNING] Gagal ambil screenshot: Page.screenshot: Unsupported type: <class 'str'>
2025-11-02 18:35:11,767 [WARNING] Gagal ambil screenshot: Page.screenshot: Unsupported type: <class 'str'>
2025-11-02 20:52:46,420 [INFO] Membuka halaman: https://playwright.dev
2025-11-02 20:52:47,164 [INFO] Title halaman: Fast and reliable end-to-end testing for modern web apps | Playwright
2025-11-02 20:52:47,198 [INFO] ✅ https://playwright.dev berisi teks 'Playwright' seperti yang diharapkan.
2025-11-02 20:53:07,219 [INFO] 🔗 Membuka halaman: https://playwright.dev
2025-11-02 20:53:07,873 [INFO] 📄 Judul halaman: Fast and reliable end-to-end testing for modern web apps | Playwright
2025-11-02 20:53:07,890 [INFO] 🧾 Header ditemukan: Playwright enables reliable end-to-end testing for modern web apps.
2025-11-02 20:53:08,003 [INFO] 📸 Screenshot disimpan di: reports/screenshots/playwright_home_20251102_205307.png
2025-11-02 20:53:08,602 [INFO] 🔹 Memulai pengujian navigasi utama...
2025-11-02 20:53:10,323 [INFO] ✅ Halaman utama Playwright Python dibuka.
2025-11-02 20:53:10,351 [INFO] ✅ Judul halaman sesuai (regex cocok).
2025-11-02 20:53:10,351 [INFO] 🔍 Mengecek tautan: Get started
2025-11-02 20:53:10,570 [INFO] ✅ URL berisi 'intro' sesuai ekspektasi.
2025-11-02 20:53:11,729 [INFO] ↩️ Kembali ke halaman utama untuk cek tautan berikutnya.
2025-11-02 20:53:11,729 [INFO] 🔍 Mengecek tautan: API reference
2025-11-02 20:53:12,296 [INFO] [ERROR] Tidak dapat menemukan link: API reference
2025-11-02 20:53:12,583 [INFO] 📸 Screenshot error disimpan: reports/screenshots/FAILED_NAV_20251102_205308.png
2025-11-02 20:53:13,136 [INFO] 🔹 Memulai pengujian tautan footer...
2025-11-02 20:53:14,344 [INFO] 🔍 Ditemukan 12 tautan di footer.
2025-11-02 20:53:14,353 [INFO] ➡️ Mengecek footer link: Getting started (/python/docs/intro)
2025-11-02 20:53:14,353 [INFO] ✅ Link footer valid: /python/docs/intro
2025-11-02 20:53:14,358 [INFO] ➡️ Mengecek footer link: Playwright Training (https://learn.microsoft.com/en-us/training/modules/build-with-playwright/)
2025-11-02 20:53:14,358 [INFO] ✅ Link footer valid: https://learn.microsoft.com/en-us/training/modules/build-with-playwright/
2025-11-02 20:53:14,364 [INFO] ➡️ Mengecek footer link: Learn Videos (/python/community/learn-videos)
2025-11-02 20:53:14,364 [INFO] ✅ Link footer valid: /python/community/learn-videos
2025-11-02 20:53:14,371 [INFO] ➡️ Mengecek footer link: Feature Videos (/python/community/feature-videos)
2025-11-02 20:53:14,371 [INFO] ✅ Link footer valid: /python/community/feature-videos
2025-11-02 20:53:14,375 [INFO] ➡️ Mengecek footer link: Stack Overflow (https://stackoverflow.com/questions/tagged/playwright)
2025-11-02 20:53:14,376 [INFO] ✅ Link footer valid: https://stackoverflow.com/questions/tagged/playwright
2025-11-02 20:53:14,381 [INFO] ➡️ Mengecek footer link: Discord (https://aka.ms/playwright/discord)
2025-11-02 20:53:14,381 [INFO] ✅ Link footer valid: https://aka.ms/playwright/discord
2025-11-02 20:53:14,393 [INFO] ➡️ Mengecek footer link: Twitter (https://twitter.com/playwrightweb)
2025-11-02 20:53:14,393 [INFO] ✅ Link footer valid: https://twitter.com/playwrightweb
2025-11-02 20:53:14,449 [INFO] ➡️ Mengecek footer link: LinkedIn (https://www.linkedin.com/company/playwrightweb)
2025-11-02 20:53:14,450 [INFO] ✅ Link footer valid: https://www.linkedin.com/company/playwrightweb
2025-11-02 20:53:14,457 [INFO] ➡️ Mengecek footer link: GitHub (https://github.com/microsoft/playwright-python)
2025-11-02 20:53:14,457 [INFO] ✅ Link footer valid: https://github.com/microsoft/playwright-python
2025-11-02 20:53:14,470 [INFO] ➡️ Mengecek footer link: YouTube (https://www.youtube.com/channel/UC46Zj8pDH5tDosqm1gd7WTg)
2025-11-02 20:53:14,471 [INFO] ✅ Link footer valid: https://www.youtube.com/channel/UC46Zj8pDH5tDosqm1gd7WTg
2025-11-02 20:53:14,476 [INFO] ➡️ Mengecek footer link: Blog (https://dev.to/playwright)
2025-11-02 20:53:14,476 [INFO] ✅ Link footer valid: https://dev.to/playwright
2025-11-02 20:53:14,481 [INFO] ➡️ Mengecek footer link: Ambassadors (/python/community/ambassadors)
2025-11-02 20:53:14,481 [INFO] ✅ Link footer valid: /python/community/ambassadors
2025-11-02 20:53:14,745 [INFO] 📸 Screenshot footer tersimpan.
2025-11-02 20:53:14,746 [INFO] 🎉 Semua tautan footer berhasil diverifikasi.
2025-11-02 20:53:16,601 [INFO] 🌐 Membuka: https://playwright.dev
2025-11-02 20:53:17,242 [INFO] 📄 Judul halaman: Fast and reliable end-to-end testing for modern web apps | Playwright
2025-11-02 20:53:17,242 [INFO] ✅ [PASS] https://playwright.dev - Judul cocok.
2025-11-02 20:53:17,243 [INFO] ------------------------------------------------------------
2025-11-02 20:53:17,919 [INFO] Membuka halaman: https://w3schools.com
2025-11-02 20:53:19,842 [INFO] Title halaman: W3Schools Online Web Tutorials
2025-11-02 20:53:19,867 [INFO] ✅ https://w3schools.com berisi teks 'W3Schools' seperti yang diharapkan.
2025-11-02 20:53:34,286 [INFO] 🌐 Membuka: https://w3schools.com
2025-11-02 20:53:35,592 [INFO] 📄 Judul halaman: W3Schools Online Web Tutorials
2025-11-02 20:53:35,593 [INFO] ✅ [PASS] https://w3schools.com - Judul cocok.
2025-11-02 20:53:35,593 [INFO] ------------------------------------------------------------
2025-11-02 20:53:36,936 [INFO] 🌐 Membuka: https://python.org
2025-11-02 20:53:38,706 [INFO] 📄 Judul halaman: Welcome to Python.org
2025-11-02 20:53:38,706 [INFO] ✅ [PASS] https://python.org - Judul cocok.
2025-11-02 20:53:38,706 [INFO] ------------------------------------------------------------
2025-11-03 08:36:09,099 [INFO] Membuka halaman: https://playwright.dev
2025-11-03 08:36:09,846 [INFO] Title halaman: Fast and reliable end-to-end testing for modern web apps | Playwright
2025-11-03 08:36:09,886 [INFO] ✅ https://playwright.dev berisi teks 'Playwright' seperti yang diharapkan.
2025-11-03 08:36:28,539 [INFO] 🔗 Membuka halaman: https://playwright.dev
2025-11-03 08:36:29,220 [INFO] 📄 Judul halaman: Fast and reliable end-to-end testing for modern web apps | Playwright
2025-11-03 08:36:29,231 [INFO] 🧾 Header ditemukan: Playwright enables reliable end-to-end testing for modern web apps.
2025-11-03 08:36:29,392 [INFO] 📸 Screenshot disimpan di: reports/screenshots/playwright_home_20251103_083629.png
2025-11-03 08:36:29,840 [INFO] 🔹 Memulai pengujian navigasi utama...
2025-11-03 08:36:31,383 [INFO] ✅ Halaman utama Playwright Python dibuka.
2025-11-03 08:36:31,413 [INFO] ✅ Judul halaman sesuai (regex cocok).
2025-11-03 08:36:31,413 [INFO] 🔍 Mengecek tautan: Get started
2025-11-03 08:36:31,550 [INFO] ✅ URL berisi 'intro' sesuai ekspektasi.
2025-11-03 08:36:32,678 [INFO] ↩️ Kembali ke halaman utama untuk cek tautan berikutnya.
2025-11-03 08:36:32,679 [INFO] 🔍 Mengecek tautan: API reference
2025-11-03 08:36:33,245 [INFO] [ERROR] Tidak dapat menemukan link: API reference
2025-11-03 08:36:33,451 [INFO] 📸 Screenshot error disimpan: reports/screenshots/FAILED_NAV_20251103_083629.png
2025-11-03 08:36:33,890 [INFO] 🔹 Memulai pengujian tautan footer...
2025-11-03 08:36:35,069 [INFO] 🔍 Ditemukan 12 tautan di footer.
2025-11-03 08:36:35,077 [INFO] ➡️ Mengecek footer link: Getting started (/python/docs/intro)
2025-11-03 08:36:35,078 [INFO] ✅ Link footer valid: /python/docs/intro
2025-11-03 08:36:35,084 [INFO] ➡️ Mengecek footer link: Playwright Training (https://learn.microsoft.com/en-us/training/modules/build-with-playwright/)
2025-11-03 08:36:35,084 [INFO] ✅ Link footer valid: https://learn.microsoft.com/en-us/training/modules/build-with-playwright/
2025-11-03 08:36:35,089 [INFO] ➡️ Mengecek footer link: Learn Videos (/python/community/learn-videos)
2025-11-03 08:36:35,089 [INFO] ✅ Link footer valid: /python/community/learn-videos
2025-11-03 08:36:35,095 [INFO] ➡️ Mengecek footer link: Feature Videos (/python/community/feature-videos)
2025-11-03 08:36:35,096 [INFO] ✅ Link footer valid: /python/community/feature-videos
2025-11-03 08:36:35,100 [INFO] ➡️ Mengecek footer link: Stack Overflow (https://stackoverflow.com/questions/tagged/playwright)
2025-11-03 08:36:35,100 [INFO] ✅ Link footer valid: https://stackoverflow.com/questions/tagged/playwright
2025-11-03 08:36:35,104 [INFO] ➡️ Mengecek footer link: Discord (https://aka.ms/playwright/discord)
2025-11-03 08:36:35,105 [INFO] ✅ Link footer valid: https://aka.ms/playwright/discord
2025-11-03 08:36:35,109 [INFO] ➡️ Mengecek footer link: Twitter (https://twitter.com/playwrightweb)
2025-11-03 08:36:35,109 [INFO] ✅ Link footer valid: https://twitter.com/playwrightweb
2025-11-03 08:36:35,112 [INFO] ➡️ Mengecek footer link: LinkedIn (https://www.linkedin.com/company/playwrightweb)
2025-11-03 08:36:35,113 [INFO] ✅ Link footer valid: https://www.linkedin.com/company/playwrightweb
2025-11-03 08:36:35,116 [INFO] ➡️ Mengecek footer link: GitHub (https://github.com/microsoft/playwright-python)
2025-11-03 08:36:35,116 [INFO] ✅ Link footer valid: https://github.com/microsoft/playwright-python
2025-11-03 08:36:35,120 [INFO] ➡️ Mengecek footer link: YouTube (https://www.youtube.com/channel/UC46Zj8pDH5tDosqm1gd7WTg)
2025-11-03 08:36:35,120 [INFO] ✅ Link footer valid: https://www.youtube.com/channel/UC46Zj8pDH5tDosqm1gd7WTg
2025-11-03 08:36:35,124 [INFO] ➡️ Mengecek footer link: Blog (https://dev.to/playwright)
2025-11-03 08:36:35,124 [INFO] ✅ Link footer valid: https://dev.to/playwright
2025-11-03 08:36:35,126 [INFO] ➡️ Mengecek footer link: Ambassadors (/python/community/ambassadors)
2025-11-03 08:36:35,126 [INFO] ✅ Link footer valid: /python/community/ambassadors
2025-11-03 08:36:35,282 [INFO] 📸 Screenshot footer tersimpan.
2025-11-03 08:36:35,282 [INFO] 🎉 Semua tautan footer berhasil diverifikasi.
2025-11-03 08:36:36,837 [INFO] 🌐 Membuka: https://playwright.dev
2025-11-03 08:36:37,371 [INFO] 📄 Judul halaman: Fast and reliable end-to-end testing for modern web apps | Playwright
2025-11-03 08:36:37,371 [INFO] ✅ [PASS] https://playwright.dev - Judul cocok.
2025-11-03 08:36:37,371 [INFO] ------------------------------------------------------------
2025-11-03 08:36:37,871 [INFO] Membuka halaman: https://w3schools.com
2025-11-03 08:36:39,824 [INFO] Title halaman: W3Schools Online Web Tutorials
2025-11-03 08:36:39,841 [INFO] ✅ https://w3schools.com berisi teks 'W3Schools' seperti yang diharapkan.
2025-11-03 08:36:48,890 [INFO] 🌐 Membuka: https://w3schools.com
2025-11-03 08:36:50,327 [INFO] 📄 Judul halaman: W3Schools Online Web Tutorials
2025-11-03 08:36:50,327 [INFO] ✅ [PASS] https://w3schools.com - Judul cocok.
2025-11-03 08:36:50,327 [INFO] ------------------------------------------------------------
2025-11-03 08:36:51,222 [INFO] 🌐 Membuka: https://python.org
2025-11-03 08:36:51,958 [INFO] 📄 Judul halaman: Welcome to Python.org
2025-11-03 08:36:51,958 [INFO] ✅ [PASS] https://python.org - Judul cocok.
2025-11-03 08:36:51,958 [INFO] ------------------------------------------------------------
2025-11-03 08:47:12,638 [INFO] Membuka halaman: https://playwright.dev
2025-11-03 08:47:13,267 [INFO] Title halaman: Playwright
2025-11-03 08:47:13,299 [INFO] ✅ https://playwright.dev berisi teks 'Playwright' seperti yang diharapkan.
2025-11-03 08:47:30,122 [INFO] 🔗 Membuka halaman: https://playwright.dev
2025-11-03 08:47:30,917 [INFO] 📄 Judul halaman: Fast and reliable end-to-end testing for modern web apps | Playwright
2025-11-03 08:47:30,929 [INFO] 🧾 Header ditemukan: Playwright enables reliable end-to-end testing for modern web apps.
2025-11-03 08:47:31,039 [INFO] 📸 Screenshot disimpan di: reports/screenshots/playwright_home_20251103_084730.png
2025-11-03 08:47:31,442 [INFO] 🔹 Memulai pengujian navigasi utama...
2025-11-03 08:47:32,971 [INFO] ✅ Halaman utama Playwright Python dibuka.
2025-11-03 08:47:32,999 [INFO] ✅ Judul halaman sesuai (regex cocok).
2025-11-03 08:47:33,000 [INFO] 🔍 Mengecek tautan: Get started
2025-11-03 08:47:33,196 [INFO] ✅ URL berisi 'intro' sesuai ekspektasi.
2025-11-03 08:47:34,305 [INFO] ↩️ Kembali ke halaman utama untuk cek tautan berikutnya.
2025-11-03 08:47:34,306 [INFO] 🔍 Mengecek tautan: API reference
2025-11-03 08:47:34,878 [INFO] [ERROR] Tidak dapat menemukan link: API reference
2025-11-03 08:47:35,082 [INFO] 📸 Screenshot error disimpan: reports/screenshots/FAILED_NAV_20251103_084731.png
2025-11-03 08:47:35,537 [INFO] 🔹 Memulai pengujian tautan footer...
2025-11-03 08:47:36,702 [INFO] 🔍 Ditemukan 12 tautan di footer.
2025-11-03 08:47:36,710 [INFO] ➡️ Mengecek footer link: Getting started (/python/docs/intro)
2025-11-03 08:47:36,710 [INFO] ✅ Link footer valid: /python/docs/intro
2025-11-03 08:47:36,717 [INFO] ➡️ Mengecek footer link: Playwright Training (https://learn.microsoft.com/en-us/training/modules/build-with-playwright/)
2025-11-03 08:47:36,717 [INFO] ✅ Link footer valid: https://learn.microsoft.com/en-us/training/modules/build-with-playwright/
2025-11-03 08:47:36,723 [INFO] ➡️ Mengecek footer link: Learn Videos (/python/community/learn-videos)
2025-11-03 08:47:36,723 [INFO] ✅ Link footer valid: /python/community/learn-videos
2025-11-03 08:47:36,728 [INFO] ➡️ Mengecek footer link: Feature Videos (/python/community/feature-videos)
2025-11-03 08:47:36,728 [INFO] ✅ Link footer valid: /python/community/feature-videos
2025-11-03 08:47:36,732 [INFO] ➡️ Mengecek footer link: Stack Overflow (https://stackoverflow.com/questions/tagged/playwright)
2025-11-03 08:47:36,733 [INFO] ✅ Link footer valid: https://stackoverflow.com/questions/tagged/playwright
2025-11-03 08:47:36,737 [INFO] ➡️ Mengecek footer link: Discord (https://aka.ms/playwright/discord)
2025-11-03 08:47:36,737 [INFO] ✅ Link footer valid: https://aka.ms/playwright/discord
2025-11-03 08:47:36,740 [INFO] ➡️ Mengecek footer link: Twitter (https://twitter.com/playwrightweb)
2025-11-03 08:47:36,740 [INFO] ✅ Link footer valid: https://twitter.com/playwrightweb
2025-11-03 08:47:36,744 [INFO] ➡️ Mengecek footer link: LinkedIn (https://www.linkedin.com/company/playwrightweb)
2025-11-03 08:47:36,744 [INFO] ✅ Link footer valid: https://www.linkedin.com/company/playwrightweb
2025-11-03 08:47:36,748 [INFO] ➡️ Mengecek footer link: GitHub (https://github.com/microsoft/playwright-python)
2025-11-03 08:47:36,748 [INFO] ✅ Link footer valid: https://github.com/microsoft/playwright-python
2025-11-03 08:47:36,753 [INFO] ➡️ Mengecek footer link: YouTube (https://www.youtube.com/channel/UC46Zj8pDH5tDosqm1gd7WTg)
2025-11-03 08:47:36,753 [INFO] ✅ Link footer valid: https://www.youtube.com/channel/UC46Zj8pDH5tDosqm1gd7WTg
2025-11-03 08:47:36,757 [INFO] ➡️ Mengecek footer link: Blog (https://dev.to/playwright)
2025-11-03 08:47:36,757 [INFO] ✅ Link footer valid: https://dev.to/playwright
2025-11-03 08:47:36,761 [INFO] ➡️ Mengecek footer link: Ambassadors (/python/community/ambassadors)
2025-11-03 08:47:36,761 [INFO] ✅ Link footer valid: /python/community/ambassadors
2025-11-03 08:47:36,906 [INFO] 📸 Screenshot footer tersimpan.
2025-11-03 08:47:36,906 [INFO] 🎉 Semua tautan footer berhasil diverifikasi.
2025-11-03 08:47:38,352 [INFO] 🌐 Membuka: https://playwright.dev
2025-11-03 08:47:38,874 [INFO] 📄 Judul halaman: Fast and reliable end-to-end testing for modern web apps | Playwright
2025-11-03 08:47:38,874 [INFO] ✅ [PASS] https://playwright.dev - Judul cocok.
2025-11-03 08:47:38,874 [INFO] ------------------------------------------------------------
2025-11-03 08:47:39,351 [INFO] Membuka halaman: https://w3schools.com
2025-11-03 08:47:41,384 [INFO] Title halaman: W3Schools Online Web Tutorials
2025-11-03 08:47:41,401 [INFO] ✅ https://w3schools.com berisi teks 'W3Schools' seperti yang diharapkan.
2025-11-03 08:47:49,795 [INFO] 🌐 Membuka: https://w3schools.com
2025-11-03 08:47:51,338 [INFO] 📄 Judul halaman: W3Schools Online Web Tutorials
2025-11-03 08:47:51,338 [INFO] ✅ [PASS] https://w3schools.com - Judul cocok.
2025-11-03 08:47:51,338 [INFO] ------------------------------------------------------------
2025-11-03 08:47:52,169 [INFO] 🌐 Membuka: https://python.org
2025-11-03 08:47:52,875 [INFO] 📄 Judul halaman: Welcome to Python.org
2025-11-03 08:47:52,876 [INFO] ✅ [PASS] https://python.org - Judul cocok.
2025-11-03 08:47:52,876 [INFO] ------------------------------------------------------------
2025-11-03 08:48:57,373 [INFO] Membuka halaman: https://playwright.dev
2025-11-03 08:48:57,966 [INFO] Title halaman: Fast and reliable end-to-end testing for modern web apps | Playwright
2025-11-03 08:48:57,994 [INFO] ✅ https://playwright.dev berisi teks 'Playwright' seperti yang diharapkan.
2025-11-03 08:49:17,390 [INFO] 🔗 Membuka halaman: https://playwright.dev
2025-11-03 08:49:17,913 [INFO] 📄 Judul halaman: Fast and reliable end-to-end testing for modern web apps | Playwright
2025-11-03 08:49:17,924 [INFO] 🧾 Header ditemukan: Playwright enables reliable end-to-end testing for modern web apps.
2025-11-03 08:49:18,046 [INFO] 📸 Screenshot disimpan di: reports/screenshots/playwright_home_20251103_084917.png
2025-11-03 08:49:18,507 [INFO] 🔹 Memulai pengujian navigasi utama...
2025-11-03 08:49:19,752 [INFO] ✅ Halaman utama Playwright Python dibuka.
2025-11-03 08:49:19,779 [INFO] ✅ Judul halaman sesuai (regex cocok).
2025-11-03 08:49:19,780 [INFO] 🔍 Mengecek tautan: Get started
2025-11-03 08:49:19,935 [INFO] ✅ URL berisi 'intro' sesuai ekspektasi.
2025-11-03 08:49:21,047 [INFO] ↩️ Kembali ke halaman utama untuk cek tautan berikutnya.
2025-11-03 08:49:21,048 [INFO] 🔍 Mengecek tautan: API
2025-11-03 08:49:21,205 [INFO] ✅ URL berisi 'api' sesuai ekspektasi.
2025-11-03 08:49:22,303 [INFO] ↩️ Kembali ke halaman utama untuk cek tautan berikutnya.
2025-11-03 08:49:22,304 [INFO] 🔍 Mengecek tautan: Guides
2025-11-03 08:49:22,875 [INFO] [ERROR] Tidak dapat menemukan link: Guides
2025-11-03 08:49:23,088 [INFO] 📸 Screenshot error disimpan: reports/screenshots/FAILED_NAV_20251103_084918.png
2025-11-03 08:49:23,523 [INFO] 🔹 Memulai pengujian tautan footer...
2025-11-03 08:49:24,809 [INFO] 🔍 Ditemukan 12 tautan di footer.
2025-11-03 08:49:24,818 [INFO] ➡️ Mengecek footer link: Getting started (/python/docs/intro)
2025-11-03 08:49:24,818 [INFO] ✅ Link footer valid: /python/docs/intro
2025-11-03 08:49:24,824 [INFO] ➡️ Mengecek footer link: Playwright Training (https://learn.microsoft.com/en-us/training/modules/build-with-playwright/)
2025-11-03 08:49:24,824 [INFO] ✅ Link footer valid: https://learn.microsoft.com/en-us/training/modules/build-with-playwright/
2025-11-03 08:49:24,829 [INFO] ➡️ Mengecek footer link: Learn Videos (/python/community/learn-videos)
2025-11-03 08:49:24,829 [INFO] ✅ Link footer valid: /python/community/learn-videos
2025-11-03 08:49:24,835 [INFO] ➡️ Mengecek footer link: Feature Videos (/python/community/feature-videos)
2025-11-03 08:49:24,835 [INFO] ✅ Link footer valid: /python/community/feature-videos
2025-11-03 08:49:24,839 [INFO] ➡️ Mengecek footer link: Stack Overflow (https://stackoverflow.com/questions/tagged/playwright)
2025-11-03 08:49:24,840 [INFO] ✅ Link footer valid: https://stackoverflow.com/questions/tagged/playwright
2025-11-03 08:49:24,843 [INFO] ➡️ Mengecek footer link: Discord (https://aka.ms/playwright/discord)
2025-11-03 08:49:24,843 [INFO] ✅ Link footer valid: https://aka.ms/playwright/discord
2025-11-03 08:49:24,847 [INFO] ➡️ Mengecek footer link: Twitter (https://twitter.com/playwrightweb)
2025-11-03 08:49:24,847 [INFO] ✅ Link footer valid: https://twitter.com/playwrightweb
2025-11-03 08:49:24,850 [INFO] ➡️ Mengecek footer link: LinkedIn (https://www.linkedin.com/company/playwrightweb)
2025-11-03 08:49:24,851 [INFO] ✅ Link footer valid: https://www.linkedin.com/company/playwrightweb
2025-11-03 08:49:24,855 [INFO] ➡️ Mengecek footer link: GitHub (https://github.com/microsoft/playwright-python)
2025-11-03 08:49:24,855 [INFO] ✅ Link footer valid: https://github.com/microsoft/playwright-python
2025-11-03 08:49:24,858 [INFO] ➡️ Mengecek footer link: YouTube (https://www.youtube.com/channel/UC46Zj8pDH5tDosqm1gd7WTg)
2025-11-03 08:49:24,858 [INFO] ✅ Link footer valid: https://www.youtube.com/channel/UC46Zj8pDH5tDosqm1gd7WTg
2025-11-03 08:49:24,862 [INFO] ➡️ Mengecek footer link: Blog (https://dev.to/playwright)
2025-11-03 08:49:24,862 [INFO] ✅ Link footer valid: https://dev.to/playwright
2025-11-03 08:49:24,866 [INFO] ➡️ Mengecek footer link: Ambassadors (/python/community/ambassadors)
2025-11-03 08:49:24,866 [INFO] ✅ Link footer valid: /python/community/ambassadors
2025-11-03 08:49:25,032 [INFO] 📸 Screenshot footer tersimpan.
2025-11-03 08:49:25,032 [INFO] 🎉 Semua tautan footer berhasil diverifikasi.
2025-11-03 08:49:26,555 [INFO] 🌐 Membuka: https://playwright.dev
2025-11-03 08:49:27,238 [INFO] 📄 Judul halaman: Fast and reliable end-to-end testing for modern web apps | Playwright
2025-11-03 08:49:27,238 [INFO] ✅ [PASS] https://playwright.dev - Judul cocok.
2025-11-03 08:49:27,238 [INFO] ------------------------------------------------------------
2025-11-03 08:49:27,739 [INFO] Membuka halaman: https://w3schools.com
2025-11-03 08:49:29,536 [INFO] Title halaman: W3Schools Online Web Tutorials
2025-11-03 08:49:29,552 [INFO] ✅ https://w3schools.com berisi teks 'W3Schools' seperti yang diharapkan.
2025-11-03 08:49:38,739 [INFO] 🌐 Membuka: https://w3schools.com
2025-11-03 08:49:39,880 [INFO] 📄 Judul halaman: W3Schools Online Web Tutorials
2025-11-03 08:49:39,880 [INFO] ✅ [PASS] https://w3schools.com - Judul cocok.
2025-11-03 08:49:39,880 [INFO] ------------------------------------------------------------
2025-11-03 08:49:40,740 [INFO] 🌐 Membuka: https://python.org
2025-11-03 08:49:41,606 [INFO] 📄 Judul halaman: Welcome to Python.org
2025-11-03 08:49:41,606 [INFO] ✅ [PASS] https://python.org - Judul cocok.
2025-11-03 08:49:41,606 [INFO] ------------------------------------------------------------
2025-11-03 09:12:01,393 [INFO] 🔹 Membuka halaman upload...
2025-11-03 09:12:06,543 [INFO] ✅ Halaman upload terbuka.
2025-11-03 09:12:06,590 [INFO] ✅ Input upload terlihat di halaman.
2025-11-03 09:12:06,591 [INFO] 📄 File dummy dibuat: /Users/rendasantana/Rnd/pwtest/uploads/sample.txt
2025-11-03 09:12:07,631 [INFO] ✅ Upload berhasil diverifikasi!
2025-11-03 09:12:07,697 [INFO] 📸 Screenshot hasil upload disimpan di: reports/screenshots/upload_success_20251103_091201.png
2025-11-03 09:17:47,430 [INFO] 🔹 Membuka halaman upload...
2025-11-03 09:17:51,615 [INFO] ✅ Halaman upload terbuka.
2025-11-03 09:17:51,658 [INFO] ✅ Input upload terlihat di halaman.
2025-11-03 09:17:51,658 [INFO] 📄 File dummy dibuat: /Users/rendasantana/Rnd/pwtest/uploads/sample.txt
2025-11-03 09:17:52,732 [INFO] ✅ Upload berhasil diverifikasi!
2025-11-03 09:17:52,797 [INFO] 📸 Screenshot hasil upload disimpan di: reports/screenshots/upload_success_20251103_091747.png
2025-11-03 09:19:51,018 [INFO] Membuka halaman: https://playwright.dev
2025-11-03 09:19:51,784 [INFO] Title halaman: Fast and reliable end-to-end testing for modern web apps | Playwright
2025-11-03 09:19:51,826 [INFO] ✅ https://playwright.dev berisi teks 'Playwright' seperti yang diharapkan.
2025-11-03 09:20:11,575 [INFO] 🔗 Membuka halaman: https://playwright.dev
2025-11-03 09:20:12,072 [INFO] 📄 Judul halaman: Fast and reliable end-to-end testing for modern web apps | Playwright
2025-11-03 09:20:12,083 [INFO] 🧾 Header ditemukan: Playwright enables reliable end-to-end testing for modern web apps.
2025-11-03 09:20:12,213 [INFO] 📸 Screenshot disimpan di: reports/screenshots/playwright_home_20251103_092012.png
2025-11-03 09:20:12,469 [INFO] 🔹 Memulai pengujian navigasi utama...
2025-11-03 09:20:15,140 [INFO] ✅ Halaman utama Playwright Python dibuka.
2025-11-03 09:20:15,169 [INFO] ✅ Judul halaman sesuai (regex cocok).
2025-11-03 09:20:15,169 [INFO] 🔍 Mengecek tautan: Get started
2025-11-03 09:20:15,375 [INFO] ✅ URL berisi 'intro' sesuai ekspektasi.
2025-11-03 09:20:16,521 [INFO] ↩️ Kembali ke halaman utama untuk cek tautan berikutnya.
2025-11-03 09:20:16,521 [INFO] 🔍 Mengecek tautan: API
2025-11-03 09:20:16,659 [INFO] ✅ URL berisi 'api' sesuai ekspektasi.
2025-11-03 09:20:18,050 [INFO] ↩️ Kembali ke halaman utama untuk cek tautan berikutnya.
2025-11-03 09:20:18,051 [INFO] 🔍 Mengecek tautan: Guides
2025-11-03 09:20:18,614 [INFO] [ERROR] Tidak dapat menemukan link: Guides
2025-11-03 09:20:18,820 [INFO] 📸 Screenshot error disimpan: reports/screenshots/FAILED_NAV_20251103_092012.png
2025-11-03 09:20:18,976 [INFO] Screenshot saved: reports/screenshots/test_navigation_links_chromium_https___playwright_dev_python__links_to_check0__20251103_092018.png
2025-11-03 09:20:19,245 [INFO] 🔹 Memulai pengujian tautan footer...
2025-11-03 09:20:20,404 [INFO] 🔍 Ditemukan 12 tautan di footer.
2025-11-03 09:20:20,416 [INFO] ➡️ Mengecek footer link: Getting started (/python/docs/intro)
2025-11-03 09:20:20,416 [INFO] ✅ Link footer valid: /python/docs/intro
2025-11-03 09:20:20,422 [INFO] ➡️ Mengecek footer link: Playwright Training (https://learn.microsoft.com/en-us/training/modules/build-with-playwright/)
2025-11-03 09:20:20,422 [INFO] ✅ Link footer valid: https://learn.microsoft.com/en-us/training/modules/build-with-playwright/
2025-11-03 09:20:20,427 [INFO] ➡️ Mengecek footer link: Learn Videos (/python/community/learn-videos)
2025-11-03 09:20:20,427 [INFO] ✅ Link footer valid: /python/community/learn-videos
2025-11-03 09:20:20,433 [INFO] ➡️ Mengecek footer link: Feature Videos (/python/community/feature-videos)
2025-11-03 09:20:20,433 [INFO] ✅ Link footer valid: /python/community/feature-videos
2025-11-03 09:20:20,437 [INFO] ➡️ Mengecek footer link: Stack Overflow (https://stackoverflow.com/questions/tagged/playwright)
2025-11-03 09:20:20,437 [INFO] ✅ Link footer valid: https://stackoverflow.com/questions/tagged/playwright
2025-11-03 09:20:20,442 [INFO] ➡️ Mengecek footer link: Discord (https://aka.ms/playwright/discord)
2025-11-03 09:20:20,442 [INFO] ✅ Link footer valid: https://aka.ms/playwright/discord
2025-11-03 09:20:20,445 [INFO] ➡️ Mengecek footer link: Twitter (https://twitter.com/playwrightweb)
2025-11-03 09:20:20,445 [INFO] ✅ Link footer valid: https://twitter.com/playwrightweb
2025-11-03 09:20:20,449 [INFO] ➡️ Mengecek footer link: LinkedIn (https://www.linkedin.com/company/playwrightweb)
2025-11-03 09:20:20,449 [INFO] ✅ Link footer valid: https://www.linkedin.com/company/playwrightweb
2025-11-03 09:20:20,452 [INFO] ➡️ Mengecek footer link: GitHub (https://github.com/microsoft/playwright-python)
2025-11-03 09:20:20,452 [INFO] ✅ Link footer valid: https://github.com/microsoft/playwright-python
2025-11-03 09:20:20,457 [INFO] ➡️ Mengecek footer link: YouTube (https://www.youtube.com/channel/UC46Zj8pDH5tDosqm1gd7WTg)
2025-11-03 09:20:20,457 [INFO] ✅ Link footer valid: https://www.youtube.com/channel/UC46Zj8pDH5tDosqm1gd7WTg
2025-11-03 09:20:20,460 [INFO] ➡️ Mengecek footer link: Blog (https://dev.to/playwright)
2025-11-03 09:20:20,460 [INFO] ✅ Link footer valid: https://dev.to/playwright
2025-11-03 09:20:20,463 [INFO] ➡️ Mengecek footer link: Ambassadors (/python/community/ambassadors)
2025-11-03 09:20:20,463 [INFO] ✅ Link footer valid: /python/community/ambassadors
2025-11-03 09:20:20,619 [INFO] 📸 Screenshot footer tersimpan.
2025-11-03 09:20:20,619 [INFO] 🎉 Semua tautan footer berhasil diverifikasi.
2025-11-03 09:20:21,738 [INFO] 🌐 Membuka: https://playwright.dev
2025-11-03 09:20:22,232 [INFO] 📄 Judul halaman: Fast and reliable end-to-end testing for modern web apps | Playwright
2025-11-03 09:20:22,232 [INFO] ✅ [PASS] https://playwright.dev - Judul cocok.
2025-11-03 09:20:22,232 [INFO] ------------------------------------------------------------
2025-11-03 09:20:22,485 [INFO] Membuka halaman: https://w3schools.com
2025-11-03 09:20:24,238 [INFO] Title halaman: W3Schools Online Web Tutorials
2025-11-03 09:20:24,266 [INFO] ✅ https://w3schools.com berisi teks 'W3Schools' seperti yang diharapkan.
2025-11-03 09:20:31,662 [INFO] 🌐 Membuka: https://w3schools.com
2025-11-03 09:20:34,177 [INFO] 📄 Judul halaman: W3Schools Online Web Tutorials
2025-11-03 09:20:34,178 [INFO] ✅ [PASS] https://w3schools.com - Judul cocok.
2025-11-03 09:20:34,178 [INFO] ------------------------------------------------------------
2025-11-03 09:20:34,217 [INFO] No page fixture for test test_file_upload, skip screenshot.
2025-11-03 09:20:34,464 [INFO] 🌐 Membuka: https://python.org
2025-11-03 09:20:36,198 [INFO] 📄 Judul halaman: Welcome to Python.org
2025-11-03 09:20:36,198 [INFO] ✅ [PASS] https://python.org - Judul cocok.
2025-11-03 09:20:36,198 [INFO] ------------------------------------------------------------
2025-11-03 09:25:23,432 [INFO] Membuka halaman: https://playwright.dev
2025-11-03 09:25:24,324 [INFO] Title halaman: Fast and reliable end-to-end testing for modern web apps | Playwright
2025-11-03 09:25:24,357 [INFO] ✅ https://playwright.dev berisi teks 'Playwright' seperti yang diharapkan.
2025-11-03 09:25:42,109 [INFO] 🔗 Membuka halaman: https://playwright.dev
2025-11-03 09:25:42,748 [INFO] 📄 Judul halaman: Fast and reliable end-to-end testing for modern web apps | Playwright
2025-11-03 09:25:42,759 [INFO] 🧾 Header ditemukan: Playwright enables reliable end-to-end testing for modern web apps.
2025-11-03 09:25:42,865 [INFO] 📸 Screenshot disimpan di: reports/screenshots/playwright_home_20251103_092542.png
2025-11-03 09:25:43,255 [INFO] 🔹 Memulai pengujian navigasi utama...
2025-11-03 09:25:44,658 [INFO] ✅ Halaman utama Playwright Python dibuka.
2025-11-03 09:25:44,686 [INFO] ✅ Judul halaman sesuai (regex cocok).
2025-11-03 09:25:44,686 [INFO] 🔍 Mengecek tautan: Get started
2025-11-03 09:25:44,790 [INFO] ✅ URL berisi 'intro' sesuai ekspektasi.
2025-11-03 09:25:45,919 [INFO] ↩️ Kembali ke halaman utama untuk cek tautan berikutnya.
2025-11-03 09:25:45,919 [INFO] 🔍 Mengecek tautan: API
2025-11-03 09:25:46,054 [INFO] ✅ URL berisi 'api' sesuai ekspektasi.
2025-11-03 09:25:47,180 [INFO] ↩️ Kembali ke halaman utama untuk cek tautan berikutnya.
2025-11-03 09:25:47,182 [INFO] 🔍 Mengecek tautan: Guides
2025-11-03 09:25:47,750 [INFO] [ERROR] Tidak dapat menemukan link: Guides
2025-11-03 09:25:47,968 [INFO] 📸 Screenshot error disimpan: reports/screenshots/FAILED_NAV_20251103_092543.png
2025-11-03 09:25:48,404 [INFO] 🔹 Memulai pengujian tautan footer...
2025-11-03 09:25:49,638 [INFO] 🔍 Ditemukan 12 tautan di footer.
2025-11-03 09:25:49,652 [INFO] ➡️ Mengecek footer link: Getting started (/python/docs/intro)
2025-11-03 09:25:49,653 [INFO] ✅ Link footer valid: /python/docs/intro
2025-11-03 09:25:49,659 [INFO] ➡️ Mengecek footer link: Playwright Training (https://learn.microsoft.com/en-us/training/modules/build-with-playwright/)
2025-11-03 09:25:49,659 [INFO] ✅ Link footer valid: https://learn.microsoft.com/en-us/training/modules/build-with-playwright/
2025-11-03 09:25:49,664 [INFO] ➡️ Mengecek footer link: Learn Videos (/python/community/learn-videos)
2025-11-03 09:25:49,664 [INFO] ✅ Link footer valid: /python/community/learn-videos
2025-11-03 09:25:49,671 [INFO] ➡️ Mengecek footer link: Feature Videos (/python/community/feature-videos)
2025-11-03 09:25:49,671 [INFO] ✅ Link footer valid: /python/community/feature-videos
2025-11-03 09:25:49,675 [INFO] ➡️ Mengecek footer link: Stack Overflow (https://stackoverflow.com/questions/tagged/playwright)
2025-11-03 09:25:49,675 [INFO] ✅ Link footer valid: https://stackoverflow.com/questions/tagged/playwright
2025-11-03 09:25:49,680 [INFO] ➡️ Mengecek footer link: Discord (https://aka.ms/playwright/discord)
2025-11-03 09:25:49,680 [INFO] ✅ Link footer valid: https://aka.ms/playwright/discord
2025-11-03 09:25:49,684 [INFO] ➡️ Mengecek footer link: Twitter (https://twitter.com/playwrightweb)
2025-11-03 09:25:49,684 [INFO] ✅ Link footer valid: https://twitter.com/playwrightweb
2025-11-03 09:25:49,688 [INFO] ➡️ Mengecek footer link: LinkedIn (https://www.linkedin.com/company/playwrightweb)
2025-11-03 09:25:49,688 [INFO] ✅ Link footer valid: https://www.linkedin.com/company/playwrightweb
2025-11-03 09:25:49,691 [INFO] ➡️ Mengecek footer link: GitHub (https://github.com/microsoft/playwright-python)
2025-11-03 09:25:49,691 [INFO] ✅ Link footer valid: https://github.com/microsoft/playwright-python
2025-11-03 09:25:49,695 [INFO] ➡️ Mengecek footer link: YouTube (https://www.youtube.com/channel/UC46Zj8pDH5tDosqm1gd7WTg)
2025-11-03 09:25:49,695 [INFO] ✅ Link footer valid: https://www.youtube.com/channel/UC46Zj8pDH5tDosqm1gd7WTg
2025-11-03 09:25:49,698 [INFO] ➡️ Mengecek footer link: Blog (https://dev.to/playwright)
2025-11-03 09:25:49,698 [INFO] ✅ Link footer valid: https://dev.to/playwright
2025-11-03 09:25:49,702 [INFO] ➡️ Mengecek footer link: Ambassadors (/python/community/ambassadors)
2025-11-03 09:25:49,702 [INFO] ✅ Link footer valid: /python/community/ambassadors
2025-11-03 09:25:49,869 [INFO] 📸 Screenshot footer tersimpan.
2025-11-03 09:25:49,869 [INFO] 🎉 Semua tautan footer berhasil diverifikasi.
2025-11-03 09:25:51,445 [INFO] 🌐 Membuka: https://playwright.dev
2025-11-03 09:25:51,959 [INFO] 📄 Judul halaman: Fast and reliable end-to-end testing for modern web apps | Playwright
2025-11-03 09:25:51,959 [INFO] ✅ [PASS] https://playwright.dev - Judul cocok.
2025-11-03 09:25:51,959 [INFO] ------------------------------------------------------------
2025-11-03 09:25:52,445 [INFO] Membuka halaman: https://w3schools.com
2025-11-03 09:25:54,095 [INFO] Title halaman: W3Schools Online Web Tutorials
2025-11-03 09:25:54,110 [INFO] ✅ https://w3schools.com berisi teks 'W3Schools' seperti yang diharapkan.
2025-11-03 09:26:04,237 [INFO] 🌐 Membuka: https://w3schools.com
2025-11-03 09:26:05,719 [INFO] 📄 Judul halaman: W3Schools Online Web Tutorials
2025-11-03 09:26:05,719 [INFO] ✅ [PASS] https://w3schools.com - Judul cocok.
2025-11-03 09:26:05,719 [INFO] ------------------------------------------------------------
2025-11-03 09:26:06,623 [INFO] 🌐 Membuka: https://python.org
2025-11-03 09:26:07,274 [INFO] 📄 Judul halaman: Welcome to Python.org
2025-11-03 09:26:07,274 [INFO] ✅ [PASS] https://python.org - Judul cocok.
2025-11-03 09:26:07,274 [INFO] ------------------------------------------------------------
2025-11-03 09:29:36,722 [INFO] Membuka halaman: https://playwright.dev
2025-11-03 09:29:37,472 [INFO] Title halaman: Fast and reliable end-to-end testing for modern web apps | Playwright
2025-11-03 09:29:37,498 [INFO] ✅ https://playwright.dev berisi teks 'Playwright' seperti yang diharapkan.
2025-11-03 09:29:37,679 [INFO] Screenshot disimpan di: reports/screenshots/test_page_title_and_content_chromium_https_playwright_dev_Playwright__20251103_092937.png
2025-11-03 09:29:41,395 [INFO] Screenshot disimpan di: reports/screenshots/test_open_w3schools_chromium__20251103_092940.png
2025-11-03 09:29:45,230 [INFO] Screenshot disimpan di: reports/screenshots/test_element_visible_and_text_chromium_https_playwright_dev_a_getStarted_Sjon_Get_started__20251103_092945.png
2025-11-03 09:29:47,156 [INFO] Screenshot disimpan di: reports/screenshots/test_form_interactions_chromium__20251103_092947.png
2025-11-03 09:29:48,716 [INFO] Screenshot disimpan di: reports/screenshots/test_form_interactions_chromium__20251103_092948.png
2025-11-03 09:29:54,886 [INFO] Screenshot disimpan di: reports/screenshots/test_add_product_to_cart_chromium__20251103_092954.png
2025-11-03 09:29:57,012 [INFO] Screenshot disimpan di: reports/screenshots/test_form_interaction_block_assets_chromium__20251103_092956.png
2025-11-03 09:29:57,332 [INFO] 🔗 Membuka halaman: https://playwright.dev
2025-11-03 09:29:57,894 [INFO] 📄 Judul halaman: Fast and reliable end-to-end testing for modern web apps | Playwright
2025-11-03 09:29:57,914 [INFO] 🧾 Header ditemukan: Playwright enables reliable end-to-end testing for modern web apps.
2025-11-03 09:29:58,037 [INFO] 📸 Screenshot disimpan di: reports/screenshots/playwright_home_20251103_092957.png
2025-11-03 09:29:58,208 [INFO] Screenshot disimpan di: reports/screenshots/test_playwright_homepage_chromium__20251103_092958.png
2025-11-03 09:29:58,479 [INFO] 🔹 Memulai pengujian navigasi utama...
2025-11-03 09:29:59,679 [INFO] ✅ Halaman utama Playwright Python dibuka.
2025-11-03 09:29:59,708 [INFO] ✅ Judul halaman sesuai (regex cocok).
2025-11-03 09:29:59,708 [INFO] 🔍 Mengecek tautan: Get started
2025-11-03 09:29:59,862 [INFO] ✅ URL berisi 'intro' sesuai ekspektasi.
2025-11-03 09:30:00,970 [INFO] ↩️ Kembali ke halaman utama untuk cek tautan berikutnya.
2025-11-03 09:30:00,971 [INFO] 🔍 Mengecek tautan: API
2025-11-03 09:30:01,130 [INFO] ✅ URL berisi 'api' sesuai ekspektasi.
2025-11-03 09:30:02,236 [INFO] ↩️ Kembali ke halaman utama untuk cek tautan berikutnya.
2025-11-03 09:30:02,236 [INFO] 🔍 Mengecek tautan: Guides
2025-11-03 09:30:02,804 [INFO] [ERROR] Tidak dapat menemukan link: Guides
2025-11-03 09:30:03,025 [INFO] 📸 Screenshot error disimpan: reports/screenshots/FAILED_NAV_20251103_092958.png
2025-11-03 09:30:03,189 [INFO] Screenshot disimpan di: reports/screenshots/test_navigation_links_chromium_https_playwright_dev_python_links_to_check0__20251103_093003.png
2025-11-03 09:30:03,463 [INFO] 🔹 Memulai pengujian tautan footer...
2025-11-03 09:30:04,715 [INFO] 🔍 Ditemukan 12 tautan di footer.
2025-11-03 09:30:04,727 [INFO] ➡️ Mengecek footer link: Getting started (/python/docs/intro)
2025-11-03 09:30:04,727 [INFO] ✅ Link footer valid: /python/docs/intro
2025-11-03 09:30:04,732 [INFO] ➡️ Mengecek footer link: Playwright Training (https://learn.microsoft.com/en-us/training/modules/build-with-playwright/)
2025-11-03 09:30:04,733 [INFO] ✅ Link footer valid: https://learn.microsoft.com/en-us/training/modules/build-with-playwright/
2025-11-03 09:30:04,737 [INFO] ➡️ Mengecek footer link: Learn Videos (/python/community/learn-videos)
2025-11-03 09:30:04,737 [INFO] ✅ Link footer valid: /python/community/learn-videos
2025-11-03 09:30:04,743 [INFO] ➡️ Mengecek footer link: Feature Videos (/python/community/feature-videos)
2025-11-03 09:30:04,743 [INFO] ✅ Link footer valid: /python/community/feature-videos
2025-11-03 09:30:04,748 [INFO] ➡️ Mengecek footer link: Stack Overflow (https://stackoverflow.com/questions/tagged/playwright)
2025-11-03 09:30:04,748 [INFO] ✅ Link footer valid: https://stackoverflow.com/questions/tagged/playwright
2025-11-03 09:30:04,751 [INFO] ➡️ Mengecek footer link: Discord (https://aka.ms/playwright/discord)
2025-11-03 09:30:04,752 [INFO] ✅ Link footer valid: https://aka.ms/playwright/discord
2025-11-03 09:30:04,755 [INFO] ➡️ Mengecek footer link: Twitter (https://twitter.com/playwrightweb)
2025-11-03 09:30:04,755 [INFO] ✅ Link footer valid: https://twitter.com/playwrightweb
2025-11-03 09:30:04,759 [INFO] ➡️ Mengecek footer link: LinkedIn (https://www.linkedin.com/company/playwrightweb)
2025-11-03 09:30:04,760 [INFO] ✅ Link footer valid: https://www.linkedin.com/company/playwrightweb
2025-11-03 09:30:04,763 [INFO] ➡️ Mengecek footer link: GitHub (https://github.com/microsoft/playwright-python)
2025-11-03 09:30:04,763 [INFO] ✅ Link footer valid: https://github.com/microsoft/playwright-python
2025-11-03 09:30:04,767 [INFO] ➡️ Mengecek footer link: YouTube (https://www.youtube.com/channel/UC46Zj8pDH5tDosqm1gd7WTg)
2025-11-03 09:30:04,767 [INFO] ✅ Link footer valid: https://www.youtube.com/channel/UC46Zj8pDH5tDosqm1gd7WTg
2025-11-03 09:30:04,771 [INFO] ➡️ Mengecek footer link: Blog (https://dev.to/playwright)
2025-11-03 09:30:04,771 [INFO] ✅ Link footer valid: https://dev.to/playwright
2025-11-03 09:30:04,774 [INFO] ➡️ Mengecek footer link: Ambassadors (/python/community/ambassadors)
2025-11-03 09:30:04,774 [INFO] ✅ Link footer valid: /python/community/ambassadors
2025-11-03 09:30:04,942 [INFO] 📸 Screenshot footer tersimpan.
2025-11-03 09:30:04,942 [INFO] 🎉 Semua tautan footer berhasil diverifikasi.
2025-11-03 09:30:05,088 [INFO] Screenshot disimpan di: reports/screenshots/test_navigation_footer_links_chromium__20251103_093004.png
2025-11-03 09:30:06,298 [INFO] Screenshot disimpan di: reports/screenshots/test_open_page_and_screenshot_chromium_https_playwright_dev_Playwright__20251103_093006.png
2025-11-03 09:30:06,563 [INFO] 🌐 Membuka: https://playwright.dev
2025-11-03 09:30:07,165 [INFO] 📄 Judul halaman: Fast and reliable end-to-end testing for modern web apps | Playwright
2025-11-03 09:30:07,165 [INFO] ✅ [PASS] https://playwright.dev - Judul cocok.
2025-11-03 09:30:07,165 [INFO] ------------------------------------------------------------
2025-11-03 09:30:07,422 [INFO] Screenshot disimpan di: reports/screenshots/test_multiple_sites_chromium_data0__20251103_093007.png
2025-11-03 09:30:07,680 [INFO] Membuka halaman: https://w3schools.com
2025-11-03 09:30:09,335 [INFO] Title halaman: W3Schools Online Web Tutorials
2025-11-03 09:30:09,351 [INFO] ✅ https://w3schools.com berisi teks 'W3Schools' seperti yang diharapkan.
2025-11-03 09:30:09,852 [INFO] Screenshot disimpan di: reports/screenshots/test_page_title_and_content_chromium_https_w3schools_com_W3Schools__20251103_093009.png
2025-11-03 09:30:17,406 [INFO] Screenshot disimpan di: reports/screenshots/test_element_visible_and_text_chromium_https_www_w3schools_com_navbtn_tutorials_Tutorials__20251103_093016.png
2025-11-03 09:30:20,123 [INFO] Screenshot disimpan di: reports/screenshots/test_open_page_and_screenshot_chromium_https_w3schools_com_W3Schools__20251103_093019.png
2025-11-03 09:30:20,396 [INFO] 🌐 Membuka: https://w3schools.com
2025-11-03 09:30:22,002 [INFO] 📄 Judul halaman: W3Schools Online Web Tutorials
2025-11-03 09:30:22,002 [INFO] ✅ [PASS] https://w3schools.com - Judul cocok.
2025-11-03 09:30:22,002 [INFO] ------------------------------------------------------------
2025-11-03 09:30:22,501 [INFO] Screenshot disimpan di: reports/screenshots/test_multiple_sites_chromium_data1__20251103_093022.png
2025-11-03 09:30:22,533 [INFO] Tidak ada fixture page di test test_file_upload, lewati screenshot.
2025-11-03 09:30:22,780 [INFO] 🌐 Membuka: https://python.org
2025-11-03 09:30:23,457 [INFO] 📄 Judul halaman: Welcome to Python.org
2025-11-03 09:30:23,457 [INFO] ✅ [PASS] https://python.org - Judul cocok.
2025-11-03 09:30:23,457 [INFO] ------------------------------------------------------------
2025-11-03 09:30:23,675 [INFO] Screenshot disimpan di: reports/screenshots/test_multiple_sites_chromium_data2__20251103_093023.png
2025-11-03 09:33:48,585 [INFO] 🔹 Membuka halaman upload...
2025-11-03 09:33:52,767 [INFO] ✅ Halaman upload terbuka.
2025-11-03 09:33:52,811 [INFO] ✅ Input upload terlihat di halaman.
2025-11-03 09:33:52,812 [INFO] 📄 File dummy dibuat: /Users/rendasantana/Rnd/pwtest/uploads/sample.txt
2025-11-03 09:33:53,865 [INFO] ✅ Upload berhasil diverifikasi!
2025-11-03 09:33:53,938 [INFO] 📸 Screenshot hasil upload disimpan di: reports/screenshots/upload_success_20251103_093348.png
2025-11-03 09:33:54,128 [INFO] Tidak ada fixture page di test test_file_upload, lewati screenshot.
2025-11-03 09:34:29,082 [INFO] Membuka halaman: https://playwright.dev
2025-11-03 09:34:29,739 [INFO] Title halaman: Fast and reliable end-to-end testing for modern web apps | Playwright
2025-11-03 09:34:29,769 [INFO] ✅ https://playwright.dev berisi teks 'Playwright' seperti yang diharapkan.
2025-11-03 09:34:51,253 [INFO] 🔗 Membuka halaman: https://playwright.dev
2025-11-03 09:34:52,974 [INFO] 📄 Judul halaman: Fast and reliable end-to-end testing for modern web apps | Playwright
2025-11-03 09:34:52,986 [INFO] 🧾 Header ditemukan: Playwright enables reliable end-to-end testing for modern web apps.
2025-11-03 09:34:53,087 [INFO] 📸 Screenshot disimpan di: reports/screenshots/playwright_home_20251103_093452.png
2025-11-03 09:34:53,492 [INFO] 🔹 Memulai pengujian navigasi utama...
2025-11-03 09:34:54,642 [INFO] ✅ Halaman utama Playwright Python dibuka.
2025-11-03 09:34:54,662 [INFO] ✅ Judul halaman sesuai (regex cocok).
2025-11-03 09:34:54,662 [INFO] 🔍 Mengecek tautan: Get started
2025-11-03 09:34:54,870 [INFO] ✅ URL berisi 'intro' sesuai ekspektasi.
2025-11-03 09:34:55,986 [INFO] ↩️ Kembali ke halaman utama untuk cek tautan berikutnya.
2025-11-03 09:34:55,987 [INFO] 🔍 Mengecek tautan: API
2025-11-03 09:34:56,126 [INFO] ✅ URL berisi 'api' sesuai ekspektasi.
2025-11-03 09:34:57,225 [INFO] ↩️ Kembali ke halaman utama untuk cek tautan berikutnya.
2025-11-03 09:34:57,226 [INFO] 🔍 Mengecek tautan: Guides
2025-11-03 09:34:57,795 [INFO] [ERROR] Tidak dapat menemukan link: Guides
2025-11-03 09:34:57,985 [INFO] 📸 Screenshot error disimpan: reports/screenshots/FAILED_NAV_20251103_093453.png
2025-11-03 09:34:58,400 [INFO] 🔹 Memulai pengujian tautan footer...
2025-11-03 09:34:59,522 [INFO] 🔍 Ditemukan 12 tautan di footer.
2025-11-03 09:34:59,534 [INFO] ➡️ Mengecek footer link: Getting started (/python/docs/intro)
2025-11-03 09:34:59,534 [INFO] ✅ Link footer valid: /python/docs/intro
2025-11-03 09:34:59,540 [INFO] ➡️ Mengecek footer link: Playwright Training (https://learn.microsoft.com/en-us/training/modules/build-with-playwright/)
2025-11-03 09:34:59,540 [INFO] ✅ Link footer valid: https://learn.microsoft.com/en-us/training/modules/build-with-playwright/
2025-11-03 09:34:59,546 [INFO] ➡️ Mengecek footer link: Learn Videos (/python/community/learn-videos)
2025-11-03 09:34:59,546 [INFO] ✅ Link footer valid: /python/community/learn-videos
2025-11-03 09:34:59,552 [INFO] ➡️ Mengecek footer link: Feature Videos (/python/community/feature-videos)
2025-11-03 09:34:59,552 [INFO] ✅ Link footer valid: /python/community/feature-videos
2025-11-03 09:34:59,556 [INFO] ➡️ Mengecek footer link: Stack Overflow (https://stackoverflow.com/questions/tagged/playwright)
2025-11-03 09:34:59,556 [INFO] ✅ Link footer valid: https://stackoverflow.com/questions/tagged/playwright
2025-11-03 09:34:59,560 [INFO] ➡️ Mengecek footer link: Discord (https://aka.ms/playwright/discord)
2025-11-03 09:34:59,560 [INFO] ✅ Link footer valid: https://aka.ms/playwright/discord
2025-11-03 09:34:59,564 [INFO] ➡️ Mengecek footer link: Twitter (https://twitter.com/playwrightweb)
2025-11-03 09:34:59,564 [INFO] ✅ Link footer valid: https://twitter.com/playwrightweb
2025-11-03 09:34:59,567 [INFO] ➡️ Mengecek footer link: LinkedIn (https://www.linkedin.com/company/playwrightweb)
2025-11-03 09:34:59,567 [INFO] ✅ Link footer valid: https://www.linkedin.com/company/playwrightweb
2025-11-03 09:34:59,572 [INFO] ➡️ Mengecek footer link: GitHub (https://github.com/microsoft/playwright-python)
2025-11-03 09:34:59,572 [INFO] ✅ Link footer valid: https://github.com/microsoft/playwright-python
2025-11-03 09:34:59,575 [INFO] ➡️ Mengecek footer link: YouTube (https://www.youtube.com/channel/UC46Zj8pDH5tDosqm1gd7WTg)
2025-11-03 09:34:59,575 [INFO] ✅ Link footer valid: https://www.youtube.com/channel/UC46Zj8pDH5tDosqm1gd7WTg
2025-11-03 09:34:59,578 [INFO] ➡️ Mengecek footer link: Blog (https://dev.to/playwright)
2025-11-03 09:34:59,578 [INFO] ✅ Link footer valid: https://dev.to/playwright
2025-11-03 09:34:59,582 [INFO] ➡️ Mengecek footer link: Ambassadors (/python/community/ambassadors)
2025-11-03 09:34:59,582 [INFO] ✅ Link footer valid: /python/community/ambassadors
2025-11-03 09:34:59,731 [INFO] 📸 Screenshot footer tersimpan.
2025-11-03 09:34:59,731 [INFO] 🎉 Semua tautan footer berhasil diverifikasi.
2025-11-03 09:35:02,242 [INFO] 🌐 Membuka: https://playwright.dev
2025-11-03 09:35:02,737 [INFO] 📄 Judul halaman: Fast and reliable end-to-end testing for modern web apps | Playwright
2025-11-03 09:35:02,737 [INFO] ✅ [PASS] https://playwright.dev - Judul cocok.
2025-11-03 09:35:02,737 [INFO] ------------------------------------------------------------
2025-11-03 09:35:03,215 [INFO] Membuka halaman: https://w3schools.com
2025-11-03 09:35:05,234 [INFO] Title halaman: W3Schools Online Web Tutorials
2025-11-03 09:35:05,251 [INFO] ✅ https://w3schools.com berisi teks 'W3Schools' seperti yang diharapkan.
2025-11-03 09:35:14,779 [INFO] 🌐 Membuka: https://w3schools.com
2025-11-03 09:35:16,123 [INFO] 📄 Judul halaman: W3Schools Online Web Tutorials
2025-11-03 09:35:16,123 [INFO] ✅ [PASS] https://w3schools.com - Judul cocok.
2025-11-03 09:35:16,123 [INFO] ------------------------------------------------------------
2025-11-03 09:35:16,967 [INFO] 🌐 Membuka: https://python.org
2025-11-03 09:35:17,965 [INFO] 📄 Judul halaman: Welcome to Python.org
2025-11-03 09:35:17,965 [INFO] ✅ [PASS] https://python.org - Judul cocok.
2025-11-03 09:35:17,965 [INFO] ------------------------------------------------------------
2025-11-03 09:50:41,272 [INFO] Membuka halaman: https://playwright.dev
2025-11-03 09:50:42,118 [INFO] Title halaman: Fast and reliable end-to-end testing for modern web apps | Playwright
2025-11-03 09:50:42,147 [INFO] ✅ https://playwright.dev berisi teks 'Playwright' seperti yang diharapkan.
2025-11-03 09:51:00,912 [INFO] 🔗 Membuka halaman: https://playwright.dev
2025-11-03 09:51:01,474 [INFO] 📄 Judul halaman: Fast and reliable end-to-end testing for modern web apps | Playwright
2025-11-03 09:51:01,485 [INFO] 🧾 Header ditemukan: Playwright enables reliable end-to-end testing for modern web apps.
2025-11-03 09:51:01,599 [INFO] 📸 Screenshot disimpan di: reports/screenshots/playwright_home_20251103_095101.png
2025-11-03 09:51:02,031 [INFO] 🔹 Memulai pengujian navigasi utama...
2025-11-03 09:51:03,469 [INFO] ✅ Halaman utama Playwright Python dibuka.
2025-11-03 09:51:03,498 [INFO] ✅ Judul halaman sesuai (regex cocok).
2025-11-03 09:51:03,498 [INFO] 🔍 Mengecek tautan: Get started
2025-11-03 09:51:03,624 [INFO] ✅ URL berisi 'intro' sesuai ekspektasi.
2025-11-03 09:51:04,752 [INFO] ↩️ Kembali ke halaman utama untuk cek tautan berikutnya.
2025-11-03 09:51:04,752 [INFO] 🔍 Mengecek tautan: API
2025-11-03 09:51:04,885 [INFO] ✅ URL berisi 'api' sesuai ekspektasi.
2025-11-03 09:51:05,990 [INFO] ↩️ Kembali ke halaman utama untuk cek tautan berikutnya.
2025-11-03 09:51:05,991 [INFO] 🔍 Mengecek tautan: Guides
2025-11-03 09:51:06,561 [INFO] [ERROR] Tidak dapat menemukan link: Guides
2025-11-03 09:51:06,770 [INFO] 📸 Screenshot error disimpan: reports/screenshots/FAILED_NAV_20251103_095102.png
2025-11-03 09:51:07,179 [INFO] 🔹 Memulai pengujian tautan footer...
2025-11-03 09:51:08,579 [INFO] 🔍 Ditemukan 12 tautan di footer.
2025-11-03 09:51:08,590 [INFO] ➡️ Mengecek footer link: Getting started (/python/docs/intro)
2025-11-03 09:51:08,591 [INFO] ✅ Link footer valid: /python/docs/intro
2025-11-03 09:51:08,596 [INFO] ➡️ Mengecek footer link: Playwright Training (https://learn.microsoft.com/en-us/training/modules/build-with-playwright/)
2025-11-03 09:51:08,596 [INFO] ✅ Link footer valid: https://learn.microsoft.com/en-us/training/modules/build-with-playwright/
2025-11-03 09:51:08,600 [INFO] ➡️ Mengecek footer link: Learn Videos (/python/community/learn-videos)
2025-11-03 09:51:08,600 [INFO] ✅ Link footer valid: /python/community/learn-videos
2025-11-03 09:51:08,606 [INFO] ➡️ Mengecek footer link: Feature Videos (/python/community/feature-videos)
2025-11-03 09:51:08,606 [INFO] ✅ Link footer valid: /python/community/feature-videos
2025-11-03 09:51:08,610 [INFO] ➡️ Mengecek footer link: Stack Overflow (https://stackoverflow.com/questions/tagged/playwright)
2025-11-03 09:51:08,610 [INFO] ✅ Link footer valid: https://stackoverflow.com/questions/tagged/playwright
2025-11-03 09:51:08,614 [INFO] ➡️ Mengecek footer link: Discord (https://aka.ms/playwright/discord)
2025-11-03 09:51:08,614 [INFO] ✅ Link footer valid: https://aka.ms/playwright/discord
2025-11-03 09:51:08,618 [INFO] ➡️ Mengecek footer link: Twitter (https://twitter.com/playwrightweb)
2025-11-03 09:51:08,618 [INFO] ✅ Link footer valid: https://twitter.com/playwrightweb
2025-11-03 09:51:08,621 [INFO] ➡️ Mengecek footer link: LinkedIn (https://www.linkedin.com/company/playwrightweb)
2025-11-03 09:51:08,621 [INFO] ✅ Link footer valid: https://www.linkedin.com/company/playwrightweb
2025-11-03 09:51:08,625 [INFO] ➡️ Mengecek footer link: GitHub (https://github.com/microsoft/playwright-python)
2025-11-03 09:51:08,625 [INFO] ✅ Link footer valid: https://github.com/microsoft/playwright-python
2025-11-03 09:51:08,628 [INFO] ➡️ Mengecek footer link: YouTube (https://www.youtube.com/channel/UC46Zj8pDH5tDosqm1gd7WTg)
2025-11-03 09:51:08,628 [INFO] ✅ Link footer valid: https://www.youtube.com/channel/UC46Zj8pDH5tDosqm1gd7WTg
2025-11-03 09:51:08,631 [INFO] ➡️ Mengecek footer link: Blog (https://dev.to/playwright)
2025-11-03 09:51:08,632 [INFO] ✅ Link footer valid: https://dev.to/playwright
2025-11-03 09:51:08,635 [INFO] ➡️ Mengecek footer link: Ambassadors (/python/community/ambassadors)
2025-11-03 09:51:08,635 [INFO] ✅ Link footer valid: /python/community/ambassadors
2025-11-03 09:51:08,791 [INFO] 📸 Screenshot footer tersimpan.
2025-11-03 09:51:08,791 [INFO] 🎉 Semua tautan footer berhasil diverifikasi.
2025-11-03 09:51:10,713 [INFO] 🌐 Membuka: https://playwright.dev
2025-11-03 09:51:11,434 [INFO] 📄 Judul halaman: Fast and reliable end-to-end testing for modern web apps | Playwright
2025-11-03 09:51:11,434 [INFO] ✅ [PASS] https://playwright.dev - Judul cocok.
2025-11-03 09:51:11,434 [INFO] ------------------------------------------------------------
2025-11-03 09:51:11,967 [INFO] Membuka halaman: https://w3schools.com
2025-11-03 09:51:14,007 [INFO] Title halaman: W3Schools Online Web Tutorials
2025-11-03 09:51:14,023 [INFO] ✅ https://w3schools.com berisi teks 'W3Schools' seperti yang diharapkan.
2025-11-03 09:51:22,998 [INFO] 🌐 Membuka: https://w3schools.com
2025-11-03 09:51:24,688 [INFO] 📄 Judul halaman: W3Schools Online Web Tutorials
2025-11-03 09:51:24,689 [INFO] ✅ [PASS] https://w3schools.com - Judul cocok.
2025-11-03 09:51:24,689 [INFO] ------------------------------------------------------------
2025-11-03 09:51:25,532 [INFO] 🌐 Membuka: https://python.org
2025-11-03 09:51:26,191 [INFO] 📄 Judul halaman: Welcome to Python.org
2025-11-03 09:51:26,191 [INFO] ✅ [PASS] https://python.org - Judul cocok.
2025-11-03 09:51:26,191 [INFO] ------------------------------------------------------------
2025-11-03 09:55:18,636 [INFO] 🔹 Membuka halaman upload...
2025-11-03 09:55:23,799 [INFO] ✅ Halaman upload terbuka.
2025-11-03 09:55:23,844 [INFO] ✅ Input upload terlihat di halaman.
2025-11-03 09:55:23,845 [INFO] 📄 File dummy dibuat: /Users/rendasantana/Rnd/pwtest/uploads/sample.txt
2025-11-03 09:55:24,887 [INFO] ✅ Upload berhasil diverifikasi!
2025-11-03 09:55:24,952 [INFO] 📸 Screenshot hasil upload disimpan di: reports/screenshots/upload_success_20251103_095518.png
[20251103_185109] ✅ PASSED: test_title

[20251103_185430] ✅ PASSED: test_title

[20251103_185440] ✅ PASSED: test_title

[20251103_185541] ❌ FAILED: test_google_search
Screenshot: reports/screenshots/test_google_search_20251103_185541.png

[20251103_185543] ✅ PASSED: test_title

[20251103_185543] ✅ PASSED: test_title

[20251103_185719] ✅ PASSED: test_title

2025-11-05 11:41:02,026 [INFO] Membuka halaman: https://playwright.dev
2025-11-05 11:41:02,742 [INFO] Title halaman: Playwright
2025-11-05 11:41:02,771 [INFO] ✅ https://playwright.dev berisi teks 'Playwright' seperti yang diharapkan.
2025-11-05 11:42:03,383 [WARNING] Gagal ambil screenshot: Page.screenshot: Timeout 30000ms exceeded.
Call log:
  - taking page screenshot
  - waiting for fonts to load...
  - fonts loaded

2025-11-05 11:42:20,261 [INFO] 🔹 Memulai pengujian navigasi utama...
2025-11-05 11:42:22,633 [INFO] ✅ Halaman utama Playwright Python dibuka.
2025-11-05 11:42:22,662 [INFO] ✅ Judul halaman sesuai (regex cocok).
2025-11-05 11:42:22,662 [INFO] 🔍 Mengecek tautan: Get started
2025-11-05 11:42:22,814 [INFO] ✅ URL berisi 'intro' sesuai ekspektasi.
2025-11-05 11:42:23,938 [INFO] ↩️ Kembali ke halaman utama untuk cek tautan berikutnya.
2025-11-05 11:42:23,938 [INFO] 🔍 Mengecek tautan: API
2025-11-05 11:42:24,071 [INFO] ✅ URL berisi 'api' sesuai ekspektasi.
2025-11-05 11:42:25,172 [INFO] ↩️ Kembali ke halaman utama untuk cek tautan berikutnya.
2025-11-05 11:42:25,172 [INFO] 🔍 Mengecek tautan: Guides
2025-11-05 11:42:25,741 [INFO] [ERROR] Tidak dapat menemukan link: Guides
2025-11-05 11:42:25,942 [INFO] 📸 Screenshot error disimpan: reports/screenshots/FAILED_NAV_20251105_114220.png
2025-11-05 11:42:26,342 [INFO] 🔹 Memulai pengujian tautan footer...
2025-11-05 11:42:27,691 [INFO] 🔍 Ditemukan 12 tautan di footer.
2025-11-05 11:42:27,699 [INFO] ➡️ Mengecek footer link: Getting started (/python/docs/intro)
2025-11-05 11:42:27,699 [INFO] ✅ Link footer valid: /python/docs/intro
2025-11-05 11:42:27,705 [INFO] ➡️ Mengecek footer link: Playwright Training (https://learn.microsoft.com/en-us/training/modules/build-with-playwright/)
2025-11-05 11:42:27,705 [INFO] ✅ Link footer valid: https://learn.microsoft.com/en-us/training/modules/build-with-playwright/
2025-11-05 11:42:27,711 [INFO] ➡️ Mengecek footer link: Learn Videos (/python/community/learn-videos)
2025-11-05 11:42:27,711 [INFO] ✅ Link footer valid: /python/community/learn-videos
2025-11-05 11:42:27,717 [INFO] ➡️ Mengecek footer link: Feature Videos (/python/community/feature-videos)
2025-11-05 11:42:27,718 [INFO] ✅ Link footer valid: /python/community/feature-videos
2025-11-05 11:42:27,722 [INFO] ➡️ Mengecek footer link: Stack Overflow (https://stackoverflow.com/questions/tagged/playwright)
2025-11-05 11:42:27,723 [INFO] ✅ Link footer valid: https://stackoverflow.com/questions/tagged/playwright
2025-11-05 11:42:27,729 [INFO] ➡️ Mengecek footer link: Discord (https://aka.ms/playwright/discord)
2025-11-05 11:42:27,729 [INFO] ✅ Link footer valid: https://aka.ms/playwright/discord
2025-11-05 11:42:27,733 [INFO] ➡️ Mengecek footer link: Twitter (https://twitter.com/playwrightweb)
2025-11-05 11:42:27,733 [INFO] ✅ Link footer valid: https://twitter.com/playwrightweb
2025-11-05 11:42:27,736 [INFO] ➡️ Mengecek footer link: LinkedIn (https://www.linkedin.com/company/playwrightweb)
2025-11-05 11:42:27,736 [INFO] ✅ Link footer valid: https://www.linkedin.com/company/playwrightweb
2025-11-05 11:42:27,740 [INFO] ➡️ Mengecek footer link: GitHub (https://github.com/microsoft/playwright-python)
2025-11-05 11:42:27,741 [INFO] ✅ Link footer valid: https://github.com/microsoft/playwright-python
2025-11-05 11:42:27,744 [INFO] ➡️ Mengecek footer link: YouTube (https://www.youtube.com/channel/UC46Zj8pDH5tDosqm1gd7WTg)
2025-11-05 11:42:27,744 [INFO] ✅ Link footer valid: https://www.youtube.com/channel/UC46Zj8pDH5tDosqm1gd7WTg
2025-11-05 11:42:27,747 [INFO] ➡️ Mengecek footer link: Blog (https://dev.to/playwright)
2025-11-05 11:42:27,747 [INFO] ✅ Link footer valid: https://dev.to/playwright
2025-11-05 11:42:27,750 [INFO] ➡️ Mengecek footer link: Ambassadors (/python/community/ambassadors)
2025-11-05 11:42:27,750 [INFO] ✅ Link footer valid: /python/community/ambassadors
2025-11-05 11:42:27,899 [INFO] 📸 Screenshot footer tersimpan.
2025-11-05 11:42:27,899 [INFO] 🎉 Semua tautan footer berhasil diverifikasi.
2025-11-05 11:42:29,513 [INFO] 🌐 Membuka: https://playwright.dev
2025-11-05 11:42:31,383 [INFO] 📄 Judul halaman: Fast and reliable end-to-end testing for modern web apps | Playwright
2025-11-05 11:42:31,384 [INFO] ✅ [PASS] https://playwright.dev - Judul cocok.
2025-11-05 11:42:31,384 [INFO] ------------------------------------------------------------
2025-11-05 11:42:31,904 [INFO] Membuka halaman: https://w3schools.com
2025-11-05 11:43:42,423 [INFO] 🌐 Membuka: https://w3schools.com
2025-11-05 11:45:12,561 [WARNING] Gagal ambil screenshot: Page.screenshot: Timeout 30000ms exceeded.
Call log:
  - taking page screenshot
  - waiting for fonts to load...
  - fonts loaded

2025-11-05 11:45:12,910 [INFO] 🌐 Membuka: https://python.org
2025-11-05 11:45:13,878 [INFO] 📄 Judul halaman: Welcome to Python.org
2025-11-05 11:45:13,878 [INFO] ✅ [PASS] https://python.org - Judul cocok.
2025-11-05 11:45:13,878 [INFO] ------------------------------------------------------------
2025-11-06 16:31:57,528 [INFO] Membuka halaman: https://playwright.dev
2025-11-06 16:31:58,280 [INFO] Title halaman: Playwright
2025-11-06 16:31:58,299 [INFO] ✅ https://playwright.dev berisi teks 'Playwright' seperti yang diharapkan.
2025-11-06 16:32:58,694 [WARNING] Gagal ambil screenshot: Page.screenshot: Timeout 30000ms exceeded.
Call log:
  - taking page screenshot
  - waiting for fonts to load...
  - fonts loaded

2025-11-06 16:33:12,196 [INFO] 🔹 Memulai pengujian navigasi utama...
2025-11-06 16:33:13,883 [INFO] ✅ Halaman utama Playwright Python dibuka.
2025-11-06 16:33:13,898 [INFO] ✅ Judul halaman sesuai (regex cocok).
2025-11-06 16:33:13,898 [INFO] 🔍 Mengecek tautan: Get started
2025-11-06 16:33:13,963 [INFO] ✅ URL berisi 'intro' sesuai ekspektasi.
2025-11-06 16:33:15,065 [INFO] ↩️ Kembali ke halaman utama untuk cek tautan berikutnya.
2025-11-06 16:33:15,066 [INFO] 🔍 Mengecek tautan: API
2025-11-06 16:33:15,128 [INFO] ✅ URL berisi 'api' sesuai ekspektasi.
2025-11-06 16:33:16,183 [INFO] ↩️ Kembali ke halaman utama untuk cek tautan berikutnya.
2025-11-06 16:33:16,184 [INFO] 🔍 Mengecek tautan: Guides
2025-11-06 16:33:16,739 [INFO] [ERROR] Tidak dapat menemukan link: Guides
2025-11-06 16:33:16,937 [INFO] 📸 Screenshot error disimpan: reports/screenshots/FAILED_NAV_20251106_163312.png
2025-11-06 16:33:17,157 [INFO] 🔹 Memulai pengujian tautan footer...
2025-11-06 16:33:18,251 [INFO] 🔍 Ditemukan 12 tautan di footer.
2025-11-06 16:33:18,260 [INFO] ➡️ Mengecek footer link: Getting started (/python/docs/intro)
2025-11-06 16:33:18,260 [INFO] ✅ Link footer valid: /python/docs/intro
2025-11-06 16:33:18,266 [INFO] ➡️ Mengecek footer link: Playwright Training (https://learn.microsoft.com/en-us/training/modules/build-with-playwright/)
2025-11-06 16:33:18,266 [INFO] ✅ Link footer valid: https://learn.microsoft.com/en-us/training/modules/build-with-playwright/
2025-11-06 16:33:18,272 [INFO] ➡️ Mengecek footer link: Learn Videos (/python/community/learn-videos)
2025-11-06 16:33:18,272 [INFO] ✅ Link footer valid: /python/community/learn-videos
2025-11-06 16:33:18,277 [INFO] ➡️ Mengecek footer link: Feature Videos (/python/community/feature-videos)
2025-11-06 16:33:18,278 [INFO] ✅ Link footer valid: /python/community/feature-videos
2025-11-06 16:33:18,282 [INFO] ➡️ Mengecek footer link: Stack Overflow (https://stackoverflow.com/questions/tagged/playwright)
2025-11-06 16:33:18,282 [INFO] ✅ Link footer valid: https://stackoverflow.com/questions/tagged/playwright
2025-11-06 16:33:18,286 [INFO] ➡️ Mengecek footer link: Discord (https://aka.ms/playwright/discord)
2025-11-06 16:33:18,286 [INFO] ✅ Link footer valid: https://aka.ms/playwright/discord
2025-11-06 16:33:18,290 [INFO] ➡️ Mengecek footer link: Twitter (https://twitter.com/playwrightweb)
2025-11-06 16:33:18,290 [INFO] ✅ Link footer valid: https://twitter.com/playwrightweb
2025-11-06 16:33:18,294 [INFO] ➡️ Mengecek footer link: LinkedIn (https://www.linkedin.com/company/playwrightweb)
2025-11-06 16:33:18,294 [INFO] ✅ Link footer valid: https://www.linkedin.com/company/playwrightweb
2025-11-06 16:33:18,297 [INFO] ➡️ Mengecek footer link: GitHub (https://github.com/microsoft/playwright-python)
2025-11-06 16:33:18,297 [INFO] ✅ Link footer valid: https://github.com/microsoft/playwright-python
2025-11-06 16:33:18,301 [INFO] ➡️ Mengecek footer link: YouTube (https://www.youtube.com/channel/UC46Zj8pDH5tDosqm1gd7WTg)
2025-11-06 16:33:18,301 [INFO] ✅ Link footer valid: https://www.youtube.com/channel/UC46Zj8pDH5tDosqm1gd7WTg
2025-11-06 16:33:18,304 [INFO] ➡️ Mengecek footer link: Blog (https://dev.to/playwright)
2025-11-06 16:33:18,304 [INFO] ✅ Link footer valid: https://dev.to/playwright
2025-11-06 16:33:18,308 [INFO] ➡️ Mengecek footer link: Ambassadors (/python/community/ambassadors)
2025-11-06 16:33:18,308 [INFO] ✅ Link footer valid: /python/community/ambassadors
2025-11-06 16:33:18,470 [INFO] 📸 Screenshot footer tersimpan.
2025-11-06 16:33:18,470 [INFO] 🎉 Semua tautan footer berhasil diverifikasi.
2025-11-06 16:33:19,418 [INFO] 🌐 Membuka: https://playwright.dev
2025-11-06 16:33:19,855 [INFO] 📄 Judul halaman: Fast and reliable end-to-end testing for modern web apps | Playwright
2025-11-06 16:33:19,855 [INFO] ✅ [PASS] https://playwright.dev - Judul cocok.
2025-11-06 16:33:19,855 [INFO] ------------------------------------------------------------
2025-11-06 16:33:20,140 [INFO] Membuka halaman: https://w3schools.com
2025-11-06 16:34:20,291 [WARNING] Gagal ambil screenshot: Page.screenshot: Timeout 30000ms exceeded.
Call log:
  - taking page screenshot
  - waiting for fonts to load...
  - fonts loaded

2025-11-06 16:35:56,163 [WARNING] Gagal ambil screenshot: Page.screenshot: Timeout 30000ms exceeded.
Call log:
  - taking page screenshot
  - waiting for fonts to load...
  - fonts loaded

2025-11-06 16:35:56,289 [INFO] 🌐 Membuka: https://w3schools.com
2025-11-06 16:37:26,436 [WARNING] Gagal ambil screenshot: Page.screenshot: Timeout 30000ms exceeded.
Call log:
  - taking page screenshot
  - waiting for fonts to load...
  - fonts loaded

2025-11-06 16:37:26,689 [INFO] 🌐 Membuka: https://python.org
2025-11-06 16:37:27,237 [INFO] 📄 Judul halaman: Welcome to Python.org
2025-11-06 16:37:27,237 [INFO] ✅ [PASS] https://python.org - Judul cocok.
2025-11-06 16:37:27,237 [INFO] ------------------------------------------------------------
2025-11-06 16:42:40,767 [INFO] Membuka halaman: https://playwright.dev
2025-11-06 16:42:41,379 [INFO] Title halaman: Playwright
2025-11-06 16:42:41,407 [INFO] ✅ https://playwright.dev berisi teks 'Playwright' seperti yang diharapkan.
2025-11-06 16:43:28,301 [INFO] 🔹 Memulai pengujian navigasi utama...
2025-11-06 16:43:30,440 [INFO] ✅ Halaman utama Playwright Python dibuka.
2025-11-06 16:43:30,471 [INFO] ✅ Judul halaman sesuai (regex cocok).
2025-11-06 16:43:30,471 [INFO] 🔍 Mengecek tautan: Get started
2025-11-06 16:43:30,543 [INFO] ✅ URL berisi 'intro' sesuai ekspektasi.
2025-11-06 16:43:31,645 [INFO] ↩️ Kembali ke halaman utama untuk cek tautan berikutnya.
2025-11-06 16:43:31,646 [INFO] 🔍 Mengecek tautan: API
2025-11-06 16:43:31,709 [INFO] ✅ URL berisi 'api' sesuai ekspektasi.
2025-11-06 16:43:32,762 [INFO] ↩️ Kembali ke halaman utama untuk cek tautan berikutnya.
2025-11-06 16:43:32,763 [INFO] 🔍 Mengecek tautan: Guides
2025-11-06 16:43:33,331 [INFO] [ERROR] Tidak dapat menemukan link: Guides
2025-11-06 16:43:33,547 [INFO] 📸 Screenshot error disimpan: reports/screenshots/FAILED_NAV_20251106_164328.png
2025-11-06 16:43:33,747 [INFO] 🔹 Memulai pengujian tautan footer...
2025-11-06 16:43:34,796 [INFO] 🔍 Ditemukan 12 tautan di footer.
2025-11-06 16:43:34,834 [INFO] ➡️ Mengecek footer link: Getting started (/python/docs/intro)
2025-11-06 16:43:34,834 [INFO] ✅ Link footer valid: /python/docs/intro
2025-11-06 16:43:34,857 [INFO] ➡️ Mengecek footer link: Playwright Training (https://learn.microsoft.com/en-us/training/modules/build-with-playwright/)
2025-11-06 16:43:34,858 [INFO] ✅ Link footer valid: https://learn.microsoft.com/en-us/training/modules/build-with-playwright/
2025-11-06 16:43:34,896 [INFO] ➡️ Mengecek footer link: Learn Videos (/python/community/learn-videos)
2025-11-06 16:43:34,897 [INFO] ✅ Link footer valid: /python/community/learn-videos
2025-11-06 16:43:34,935 [INFO] ➡️ Mengecek footer link: Feature Videos (/python/community/feature-videos)
2025-11-06 16:43:34,935 [INFO] ✅ Link footer valid: /python/community/feature-videos
2025-11-06 16:43:34,954 [INFO] ➡️ Mengecek footer link: Stack Overflow (https://stackoverflow.com/questions/tagged/playwright)
2025-11-06 16:43:34,954 [INFO] ✅ Link footer valid: https://stackoverflow.com/questions/tagged/playwright
2025-11-06 16:43:34,962 [INFO] ➡️ Mengecek footer link: Discord (https://aka.ms/playwright/discord)
2025-11-06 16:43:34,962 [INFO] ✅ Link footer valid: https://aka.ms/playwright/discord
2025-11-06 16:43:34,966 [INFO] ➡️ Mengecek footer link: Twitter (https://twitter.com/playwrightweb)
2025-11-06 16:43:34,966 [INFO] ✅ Link footer valid: https://twitter.com/playwrightweb
2025-11-06 16:43:34,969 [INFO] ➡️ Mengecek footer link: LinkedIn (https://www.linkedin.com/company/playwrightweb)
2025-11-06 16:43:34,969 [INFO] ✅ Link footer valid: https://www.linkedin.com/company/playwrightweb
2025-11-06 16:43:34,979 [INFO] ➡️ Mengecek footer link: GitHub (https://github.com/microsoft/playwright-python)
2025-11-06 16:43:34,979 [INFO] ✅ Link footer valid: https://github.com/microsoft/playwright-python
2025-11-06 16:43:34,987 [INFO] ➡️ Mengecek footer link: YouTube (https://www.youtube.com/channel/UC46Zj8pDH5tDosqm1gd7WTg)
2025-11-06 16:43:34,987 [INFO] ✅ Link footer valid: https://www.youtube.com/channel/UC46Zj8pDH5tDosqm1gd7WTg
2025-11-06 16:43:34,992 [INFO] ➡️ Mengecek footer link: Blog (https://dev.to/playwright)
2025-11-06 16:43:34,992 [INFO] ✅ Link footer valid: https://dev.to/playwright
2025-11-06 16:43:34,999 [INFO] ➡️ Mengecek footer link: Ambassadors (/python/community/ambassadors)
2025-11-06 16:43:35,000 [INFO] ✅ Link footer valid: /python/community/ambassadors
2025-11-06 16:43:35,206 [INFO] 📸 Screenshot footer tersimpan.
2025-11-06 16:43:35,206 [INFO] 🎉 Semua tautan footer berhasil diverifikasi.
2025-11-06 16:43:36,098 [INFO] 🌐 Membuka: https://playwright.dev
2025-11-06 16:43:36,541 [INFO] 📄 Judul halaman: Fast and reliable end-to-end testing for modern web apps | Playwright
2025-11-06 16:43:36,541 [INFO] ✅ [PASS] https://playwright.dev - Judul cocok.
2025-11-06 16:43:36,541 [INFO] ------------------------------------------------------------
2025-11-06 16:43:36,825 [INFO] Membuka halaman: https://w3schools.com
2025-11-06 16:45:44,344 [WARNING] Gagal ambil screenshot: Page.screenshot: Timeout 30000ms exceeded.
Call log:
  - taking page screenshot
  - waiting for fonts to load...
  - fonts loaded

2025-11-06 16:45:44,469 [INFO] 🌐 Membuka: https://w3schools.com
2025-11-06 16:47:14,624 [WARNING] Gagal ambil screenshot: Page.screenshot: Timeout 30000ms exceeded.
Call log:
  - taking page screenshot
  - waiting for fonts to load...
  - fonts loaded

2025-11-06 16:47:14,962 [INFO] 🌐 Membuka: https://python.org
2025-11-06 16:47:15,828 [INFO] 📄 Judul halaman: Welcome to Python.org
2025-11-06 16:47:15,828 [INFO] ✅ [PASS] https://python.org - Judul cocok.
2025-11-06 16:47:15,828 [INFO] ------------------------------------------------------------
2025-11-07 16:10:35,740 [ERROR] ❌ Test gagal: test_example_fail[chromium]
2025-11-07 16:10:35,913 [INFO] 📸 Screenshot disimpan di reports/screenshots/test_example_fail[chromium]_20251107_161035.png
2025-11-07 16:23:21,349 [INFO] 📸 Screenshot disimpan di reports/screenshots/test_video_fail[chromium]_20251107_162321.png
2025-11-07 16:23:21,351 [INFO] 🎥 Video disimpan: reports/videos/c3ac1c4f7514b32b095d7e129cd44acc.webm
2025-11-07 16:24:57,663 [INFO] 📸 Screenshot disimpan di reports/screenshots/test_video_fail[chromium]_20251107_162457.png
2025-11-07 16:24:57,665 [INFO] 🎥 Video disimpan: reports/videos/23ab9f7cc793a423f5282d783378abef.webm
2025-11-07 16:27:02,237 [INFO] 📸 Screenshot disimpan di reports/screenshots/test_video_fail[chromium]_20251107_162702.png
2025-11-07 16:27:02,239 [INFO] 🎥 Video disimpan di reports/videos/15ab6bd4e7918bcbfe6d9112e9324157.webm
2025-11-07 16:29:49,223 [INFO] 📸 Screenshot disimpan di reports/screenshots/test_video_fail[chromium]_20251107_162949.png
2025-11-07 16:29:49,224 [INFO] 🎥 Video disimpan di reports/videos/35898d53b6778f0a13f468d8ef3fe041.webm
2025-11-07 16:30:15,344 [INFO] 📸 Screenshot disimpan di reports/screenshots/test_video_fail[chromium]_20251107_163015.png
2025-11-07 16:30:15,345 [INFO] 🎥 Video disimpan di reports/videos/7b5874825dbc052e575afff0e109c8f1.webm
2025-11-07 16:33:01,003 [INFO] 📸 Screenshot disimpan di reports/screenshots/test_video_fail[chromium]_20251107_163300.png
2025-11-07 16:33:01,004 [INFO] 🎥 Video disimpan di reports/videos/7250eea5965e6d7f310bef680eb360cc.webm
2025-11-07 16:34:19,433 [INFO] 📸 Screenshot disimpan di reports/screenshots/test_video_fail[chromium]_20251107_163419.png
2025-11-07 16:34:19,436 [INFO] 🎥 Video disimpan di reports/videos/72710b113acdee021bb1e35bd3e4262e.webm
2025-11-07 16:35:57,874 [INFO] 📸 Screenshot disimpan di reports/screenshots/test_video_fail[chromium]_20251107_163557.png
2025-11-07 16:35:57,875 [INFO] 🎥 Video disimpan di reports/videos/d8723f60af8a405a4dce6e0b644b4af7.webm
